Archive member included to satisfy reference by file (symbol)

app/libapp.a(main.c.obj)      (--whole-archive)
app/libapp.a(digee_ctrl.c.obj)
                              (--whole-archive)
app/libapp.a(digee_ui.c.obj)  (--whole-archive)
app/libapp.a(display_hal.c.obj)
                              (--whole-archive)
app/libapp.a(ssd1306_ctrl.c.obj)
                              (--whole-archive)
app/libapp.a(md_encoder.c.obj)
                              (--whole-archive)
app/libapp.a(buttons.c.obj)   (--whole-archive)
app/libapp.a(midi.c.obj)      (--whole-archive)
app/libapp.a(clocks.c.obj)    (--whole-archive)
zephyr/libzephyr.a(validate_libc.c.obj)
                              (--whole-archive)
zephyr/libzephyr.a(heap.c.obj)
                              (--whole-archive)
zephyr/libzephyr.a(mem_blocks.c.obj)
                              (--whole-archive)
zephyr/libzephyr.a(cbprintf_packaged.c.obj)
                              (--whole-archive)
zephyr/libzephyr.a(clock.c.obj)
                              (--whole-archive)
zephyr/libzephyr.a(printk.c.obj)
                              (--whole-archive)
zephyr/libzephyr.a(sem.c.obj)
                              (--whole-archive)
zephyr/libzephyr.a(thread_entry.c.obj)
                              (--whole-archive)
zephyr/libzephyr.a(cbprintf_complete.c.obj)
                              (--whole-archive)
zephyr/libzephyr.a(assert.c.obj)
                              (--whole-archive)
zephyr/libzephyr.a(dec.c.obj)
                              (--whole-archive)
zephyr/libzephyr.a(hex.c.obj)
                              (--whole-archive)
zephyr/libzephyr.a(rb.c.obj)  (--whole-archive)
zephyr/libzephyr.a(timeutil.c.obj)
                              (--whole-archive)
zephyr/libzephyr.a(bitarray.c.obj)
                              (--whole-archive)
zephyr/libzephyr.a(bitmask.c.obj)
                              (--whole-archive)
zephyr/libzephyr.a(getopt.c.obj)
                              (--whole-archive)
zephyr/libzephyr.a(getopt_common.c.obj)
                              (--whole-archive)
zephyr/libzephyr.a(ring_buffer.c.obj)
                              (--whole-archive)
zephyr/libzephyr.a(last_section_id.c.obj)
                              (--whole-archive)
zephyr/libzephyr.a(configs.c.obj)
                              (--whole-archive)
zephyr/libzephyr.a(stm32cube_hal.c.obj)
                              (--whole-archive)
zephyr/libzephyr.a(soc_config.c.obj)
                              (--whole-archive)
zephyr/libzephyr.a(stm32_backup_domain.c.obj)
                              (--whole-archive)
zephyr/libzephyr.a(soc.c.obj)
                              (--whole-archive)
zephyr/libzephyr.a(log_core.c.obj)
                              (--whole-archive)
zephyr/libzephyr.a(log_mgmt.c.obj)
                              (--whole-archive)
zephyr/libzephyr.a(log_cache.c.obj)
                              (--whole-archive)
zephyr/libzephyr.a(log_msg.c.obj)
                              (--whole-archive)
zephyr/libzephyr.a(log_output.c.obj)
                              (--whole-archive)
zephyr/libzephyr.a(log_backend_uart.c.obj)
                              (--whole-archive)
zephyr/libzephyr.a(mem_attr.c.obj)
                              (--whole-archive)
zephyr/libzephyr.a(tracing_none.c.obj)
                              (--whole-archive)
zephyr/arch/common/libarch__common.a(sw_isr_common.c.obj)
                              (--whole-archive)
zephyr/arch/common/libarch__common.a(init.c.obj)
                              (--whole-archive)
zephyr/arch/common/libarch__common.a(xip.c.obj)
                              (--whole-archive)
zephyr/arch/common/libarch__common.a(timing.c.obj)
                              (--whole-archive)
zephyr/arch/arch/arm/core/libarch__arm__core.a(fatal.c.obj)
                              (--whole-archive)
zephyr/arch/arch/arm/core/libarch__arm__core.a(nmi.c.obj)
                              (--whole-archive)
zephyr/arch/arch/arm/core/libarch__arm__core.a(nmi_on_reset.S.obj)
                              (--whole-archive)
zephyr/arch/arch/arm/core/libarch__arm__core.a(tls.c.obj)
                              (--whole-archive)
zephyr/arch/arch/arm/core/cortex_m/libarch__arm__core__cortex_m.a(exc_exit.c.obj)
                              (--whole-archive)
zephyr/arch/arch/arm/core/cortex_m/libarch__arm__core__cortex_m.a(fault.c.obj)
                              (--whole-archive)
zephyr/arch/arch/arm/core/cortex_m/libarch__arm__core__cortex_m.a(fault_s.S.obj)
                              (--whole-archive)
zephyr/arch/arch/arm/core/cortex_m/libarch__arm__core__cortex_m.a(fpu.c.obj)
                              (--whole-archive)
zephyr/arch/arch/arm/core/cortex_m/libarch__arm__core__cortex_m.a(reset.S.obj)
                              (--whole-archive)
zephyr/arch/arch/arm/core/cortex_m/libarch__arm__core__cortex_m.a(scb.c.obj)
                              (--whole-archive)
[...]
Memory Configuration

Name             Origin             Length             Attributes
FLASH            0x0000000008000000 0x0000000000040000 xr
RAM              0x0000000020000000 0x0000000000024000 xw
SRAM0            0x0000000020000000 0x0000000000024000 rw
IDT_LIST         0x00000000ffff7fff 0x0000000000008000 xw
*default*        0x0000000000000000 0xffffffffffffffff

Linker script and memory map

                0x0000000008005e04                vfprintf = __l_vfprintf
                0x0000000000000000                vfscanf = __l_vfscanf
LOAD zephyr/CMakeFiles/zephyr_final.dir/misc/empty_file.c.obj
LOAD zephyr/CMakeFiles/zephyr_final.dir/isr_tables.c.obj
LOAD zephyr/CMakeFiles/offsets.dir/./arch/arm/core/offsets/offsets.c.obj
LOAD app/libapp.a
LOAD zephyr/libzephyr.a
LOAD zephyr/arch/common/libarch__common.a
LOAD zephyr/arch/arch/arm/core/libarch__arm__core.a
LOAD zephyr/arch/arch/arm/core/cortex_m/libarch__arm__core__cortex_m.a
LOAD zephyr/arch/arch/arm/core/mpu/libarch__arm__core__mpu.a
LOAD zephyr/lib/libc/picolibc/liblib__libc__picolibc.a
LOAD zephyr/lib/libc/common/liblib__libc__common.a
LOAD zephyr/lib/posix/c_lib_ext/liblib__posix__c_lib_ext.a
LOAD zephyr/subsys/rtio/libsubsys__rtio.a
LOAD zephyr/subsys/input/libsubsys__input.a
LOAD zephyr/subsys/timing/libsubsys__timing.a
LOAD zephyr/drivers/interrupt_controller/libdrivers__interrupt_controller.a
LOAD zephyr/drivers/clock_control/libdrivers__clock_control.a
LOAD zephyr/drivers/console/libdrivers__console.a
LOAD zephyr/drivers/display/libdrivers__display.a
LOAD zephyr/drivers/gpio/libdrivers__gpio.a
LOAD zephyr/drivers/i2c/libdrivers__i2c.a
LOAD zephyr/drivers/input/libdrivers__input.a
LOAD zephyr/drivers/pinctrl/libdrivers__pinctrl.a
LOAD zephyr/drivers/reset/libdrivers__reset.a
LOAD zephyr/drivers/sensor/libdrivers__sensor.a
LOAD zephyr/drivers/serial/libdrivers__serial.a
LOAD zephyr/drivers/timer/libdrivers__timer.a
LOAD modules/hal_stm32/stm32cube/lib..__modules__hal__stm32__stm32cube.a
LOAD zephyr/kernel/libkernel.a
LOAD zephyr/arch/common/libisr_tables.a
LOAD /home/georg/zephyr-sdk-0.17.4/arm-zephyr-eabi/bin/../lib/gcc/../../picolibc/arm-zephyr-eabi/lib/thumb/v6-m/nofp/libc.a
LOAD /home/georg/zephyr-sdk-0.17.4/arm-zephyr-eabi/bin/../lib/gcc/arm-zephyr-eabi/12.2.0/thumb/v6-m/nofp/libgcc.a
                0x0000000000000100                _region_min_align = 0x100

.rel.plt        0x0000000008000000        0x0
 *(SORT_BY_ALIGNMENT(.rel.plt))
                [!provide]                        PROVIDE (__rel_iplt_start = .)
 *(SORT_BY_ALIGNMENT(.rel.iplt))
 .rel.iplt      0x0000000008000000        0x0 zephyr/CMakeFiles/zephyr_final.dir/isr_tables.c.obj
                [!provide]                        PROVIDE (__rel_iplt_end = .)

.rela.plt       0x0000000000000000        0x0
 *(SORT_BY_ALIGNMENT(.rela.plt))
                [!provide]                        PROVIDE (__rela_iplt_start = .)
 *(SORT_BY_ALIGNMENT(.rela.iplt))
                [!provide]                        PROVIDE (__rela_iplt_end = .)

.rel.dyn
 *(SORT_BY_ALIGNMENT(.rel.*))

.rela.dyn
 *(SORT_BY_ALIGNMENT(.rela.*))

/DISCARD/
 *(SORT_BY_ALIGNMENT(.plt))

/DISCARD/
 *(SORT_BY_ALIGNMENT(.iplt))
                0x0000000008000000                __rom_region_start = 0x8000000

rom_start       0x0000000008000000       0xbc
                0x0000000008000000                __rom_start_address = .
 FILL mask 0x00
                0x0000000008000000                . = (. + (0x0 - (. - __rom_start_address)))
                0x0000000008000000                . = ALIGN (0x4)
                0x0000000008000000                . = ALIGN (0x100)
                0x0000000008000000                . = ALIGN (0x100)
                0x0000000008000000                _vector_start = .
 *(SORT_BY_ALIGNMENT(.exc_vector_table))
 *(SORT_BY_ALIGNMENT(.exc_vector_table.*))
 .exc_vector_table._vector_table_section
                0x0000000008000000       0x40 zephyr/arch/arch/arm/core/cortex_m/libarch__arm__core__cortex_m.a(vector_table.S.obj)
                0x0000000008000000                _vector_table
 *(SORT_BY_ALIGNMENT(.vectors))
                0x00000000080000bc                _vector_end = .
                0x0000000008000040                . = ALIGN (0x4)
 *(SORT_BY_ALIGNMENT(.gnu.linkonce.irq_vector_table*))
 .gnu.linkonce.irq_vector_table
                0x0000000008000040       0x7c zephyr/CMakeFiles/zephyr_final.dir/isr_tables.c.obj
                0x0000000008000040                _irq_vector_table
                0x00000000080000bc                _vector_end = .

text            0x00000000080000bc     0x7890
                0x00000000080000bc                __text_region_start = .
 *(SORT_BY_ALIGNMENT(.text))
 .text          0x00000000080000bc       0x14 /home/georg/zephyr-sdk-0.17.4/arm-zephyr-eabi/bin/../lib/gcc/arm-zephyr-eabi/12.2.0/thumb/v6-m/nofp/libgcc.a(_thumb1_case_sqi.o)
                0x00000000080000bc                __gnu_thumb1_case_sqi
 .text          0x00000000080000d0       0x14 /home/georg/zephyr-sdk-0.17.4/arm-zephyr-eabi/bin/../lib/gcc/arm-zephyr-eabi/12.2.0/thumb/v6-m/nofp/libgcc.a(_thumb1_case_uqi.o)
                0x00000000080000d0                __gnu_thumb1_case_uqi
 .text          0x00000000080000e4       0x8c /home/georg/zephyr-sdk-0.17.4/arm-zephyr-eabi/bin/../lib/gcc/arm-zephyr-eabi/12.2.0/thumb/v6-m/nofp/libgcc.a(_udivsi3.o)
                0x00000000080000e4                __udivsi3
                0x00000000080000e4                __aeabi_uidiv
                0x000000000800015c                __aeabi_uidivmod
 .text          0x0000000008000170       0xa8 /home/georg/zephyr-sdk-0.17.4/arm-zephyr-eabi/bin/../lib/gcc/arm-zephyr-eabi/12.2.0/thumb/v6-m/nofp/libgcc.a(_divsi3.o)
                0x0000000008000170                __aeabi_idiv
                0x0000000008000170                __divsi3
                0x0000000008000204                __aeabi_idivmod
 .text          0x0000000008000218        0x4 /home/georg/zephyr-sdk-0.17.4/arm-zephyr-eabi/bin/../lib/gcc/arm-zephyr-eabi/12.2.0/thumb/v6-m/nofp/libgcc.a(_dvmd_tls.o)
                0x0000000008000218                __aeabi_ldiv0
                0x0000000008000218                __aeabi_idiv0
 .text          0x000000000800021c       0x3c /home/georg/zephyr-sdk-0.17.4/arm-zephyr-eabi/bin/../lib/gcc/arm-zephyr-eabi/12.2.0/thumb/v6-m/nofp/libgcc.a(_clzsi2.o)
                0x000000000800021c                __clzsi2
 .text          0x0000000008000258       0x40 /home/georg/zephyr-sdk-0.17.4/arm-zephyr-eabi/bin/../lib/gcc/arm-zephyr-eabi/12.2.0/thumb/v6-m/nofp/libgcc.a(_ctzsi2.o)
                0x0000000008000258                __ctzsi2
 .text          0x0000000008000298       0x40 /home/georg/zephyr-sdk-0.17.4/arm-zephyr-eabi/bin/../lib/gcc/arm-zephyr-eabi/12.2.0/thumb/v6-m/nofp/libgcc.a(_aeabi_uldivmod.o)
                0x0000000008000298                __aeabi_uldivmod
 .text          0x00000000080002d8       0x18 /home/georg/zephyr-sdk-0.17.4/arm-zephyr-eabi/bin/../lib/gcc/arm-zephyr-eabi/12.2.0/thumb/v6-m/nofp/libgcc.a(_lshrdi3.o)
                0x00000000080002d8                __aeabi_llsr
                0x00000000080002d8                __lshrdi3
 .text          0x00000000080002f0       0x18 /home/georg/zephyr-sdk-0.17.4/arm-zephyr-eabi/bin/../lib/gcc/arm-zephyr-eabi/12.2.0/thumb/v6-m/nofp/libgcc.a(_ashldi3.o)
                0x00000000080002f0                __ashldi3
                0x00000000080002f0                __aeabi_llsl
 .text          0x0000000008000308       0x18 /home/georg/zephyr-sdk-0.17.4/arm-zephyr-eabi/bin/../lib/gcc/arm-zephyr-eabi/12.2.0/thumb/v6-m/nofp/libgcc.a(_clzdi2.o)
                0x0000000008000308                __clzdi2
 .text          0x0000000008000320        0xe /home/georg/zephyr-sdk-0.17.4/arm-zephyr-eabi/bin/../lib/gcc/../../picolibc/arm-zephyr-eabi/lib/thumb/v6-m/nofp/libc.a(strlen.S.o)
                0x0000000008000320                strlen
 .text          0x000000000800032e       0x44 /home/georg/zephyr-sdk-0.17.4/arm-zephyr-eabi/bin/../lib/gcc/arm-zephyr-eabi/12.2.0/thumb/v6-m/nofp/libgcc.a(_muldi3.o)
                0x000000000800032e                __aeabi_lmul
                0x000000000800032e                __muldi3
 .text          0x0000000008000372       0xde /home/georg/zephyr-sdk-0.17.4/arm-zephyr-eabi/bin/../lib/gcc/arm-zephyr-eabi/12.2.0/thumb/v6-m/nofp/libgcc.a(_udivmoddi4.o)
                0x0000000008000372                __udivmoddi4
 *(SORT_BY_ALIGNMENT(.text.*))
 .text.main     0x0000000008000450       0x38 app/libapp.a(main.c.obj)
                0x0000000008000450                main
 .text.on_96step_callback
                0x0000000008000488       0x28 app/libapp.a(digee_ctrl.c.obj)
 .text.on_encoder_push
                0x00000000080004b0       0x18 app/libapp.a(digee_ctrl.c.obj)
 .text.on_button_event
                0x00000000080004c8       0x24 app/libapp.a(digee_ctrl.c.obj)
 .text.on_encoder_step
                0x00000000080004ec       0x20 app/libapp.a(digee_ctrl.c.obj)
 .text.digee_update
                0x000000000800050c      0x110 app/libapp.a(digee_ctrl.c.obj)
                0x000000000800050c                digee_update
 .text.digee_ui_update
                0x000000000800061c       0x20 app/libapp.a(digee_ctrl.c.obj)
                0x000000000800061c                digee_ui_update
 .text.digee_init
                0x000000000800063c       0xb8 app/libapp.a(digee_ctrl.c.obj)
                0x000000000800063c                digee_init
 .text.ui_boot  0x00000000080006f4       0x9c app/libapp.a(digee_ui.c.obj)
                0x00000000080006f4                ui_boot
 .text.ui_draw_bpm
                0x0000000008000790       0xa4 app/libapp.a(digee_ui.c.obj)
                0x0000000008000790                ui_draw_bpm
 .text.ui_draw_fraction
                0x0000000008000834       0x98 app/libapp.a(digee_ui.c.obj)
                0x0000000008000834                ui_draw_fraction
 .text.ui_draw_playstate
                0x00000000080008cc       0x34 app/libapp.a(digee_ui.c.obj)
                0x00000000080008cc                ui_draw_playstate
 .text.ui_draw_mathstate
                0x0000000008000900       0x2c app/libapp.a(digee_ui.c.obj)
                0x0000000008000900                ui_draw_mathstate
 .text.ui_draw_digits
                0x000000000800092c       0x44 app/libapp.a(digee_ui.c.obj)
                0x000000000800092c                ui_draw_digits
 .text.ui_draw_full
                0x0000000008000970       0xb4 app/libapp.a(digee_ui.c.obj)
                0x0000000008000970                ui_draw_full
 .text.z_log_msg_runtime_create.constprop.0
                0x0000000008000a24       0x24 app/libapp.a(display_hal.c.obj)
 .text.display_hal_flush
                0x0000000008000a48       0x34 app/libapp.a(display_hal.c.obj)
                0x0000000008000a48                display_hal_flush
 .text.display_hal_init
                0x0000000008000a7c       0x4c app/libapp.a(display_hal.c.obj)
                0x0000000008000a7c                display_hal_init
 .text.oled_get_buffer
                0x0000000008000ac8        0x8 app/libapp.a(ssd1306_ctrl.c.obj)
                0x0000000008000ac8                oled_get_buffer
 .text.oled_clear
                0x0000000008000ad0       0x14 app/libapp.a(ssd1306_ctrl.c.obj)
                0x0000000008000ad0                oled_clear
 .text.oled_set_pixel
                0x0000000008000ae4       0x30 app/libapp.a(ssd1306_ctrl.c.obj)
                0x0000000008000ae4                oled_set_pixel
 .text.oled_draw_char
                0x0000000008000b14       0x6c app/libapp.a(ssd1306_ctrl.c.obj)
                0x0000000008000b14                oled_draw_char
 .text.oled_draw_char_small
                0x0000000008000b80       0x58 app/libapp.a(ssd1306_ctrl.c.obj)
                0x0000000008000b80                oled_draw_char_small
 .text.encoder_rt_edge
                0x0000000008000bd8       0xac app/libapp.a(md_encoder.c.obj)
 .text.click_timer_expired
                0x0000000008000c84       0x24 app/libapp.a(md_encoder.c.obj)
 .text.encoder_sw_edge
                0x0000000008000ca8       0x8c app/libapp.a(md_encoder.c.obj)
 .text.md_encoder_btn_init
                0x0000000008000d34       0x84 app/libapp.a(md_encoder.c.obj)
                0x0000000008000d34                md_encoder_btn_init
 .text.md_encoder_rt_init
                0x0000000008000db8       0xe0 app/libapp.a(md_encoder.c.obj)
                0x0000000008000db8                md_encoder_rt_init
 .text.gpio_pin_interrupt_configure_dt
                0x0000000008000e98       0x34 app/libapp.a(buttons.c.obj)
 .text.button_work_handler
                0x0000000008000ecc       0x3c app/libapp.a(buttons.c.obj)
 .text.buttons_init
                0x0000000008000f08      0x148 app/libapp.a(buttons.c.obj)
                0x0000000008000f08                buttons_init
 .text.POLY_BPM_TO_US
                0x0000000008001050       0x34 app/libapp.a(clocks.c.obj)
                0x0000000008001050                POLY_BPM_TO_US
 .text.clock_set_step_callback
                0x0000000008001084        0xc app/libapp.a(clocks.c.obj)
                0x0000000008001084                clock_set_step_callback
 .text.midi_clock_poll
                0x0000000008001090      0x120 app/libapp.a(clocks.c.obj)
                0x0000000008001090                midi_clock_poll
 .text.clock_ctrl_init
                0x00000000080011b0       0x18 app/libapp.a(clocks.c.obj)
                0x00000000080011b0                clock_ctrl_init
 .text.clock_init
                0x00000000080011c8       0x5c app/libapp.a(clocks.c.obj)
                0x00000000080011c8                clock_init
 .text.midi_clock_timer_init
                0x0000000008001224       0x28 app/libapp.a(clocks.c.obj)
                0x0000000008001224                midi_clock_timer_init
 .text.clock_start
                0x000000000800124c       0xe8 app/libapp.a(clocks.c.obj)
                0x000000000800124c                clock_start
 .text.clock_stop
                0x0000000008001334       0x3c app/libapp.a(clocks.c.obj)
                0x0000000008001334                clock_stop
 .text.clock_update
                0x0000000008001370       0x80 app/libapp.a(clocks.c.obj)
                0x0000000008001370                clock_update
 .text.cbvprintf_package
                0x00000000080013f0      0x3b8 zephyr/libzephyr.a(cbprintf_packaged.c.obj)
                0x00000000080013f0                cbvprintf_package
 .text.__printk_hook_install
                0x00000000080017a8        0xc zephyr/libzephyr.a(printk.c.obj)
                0x00000000080017a8                __printk_hook_install
 .text.z_thread_entry
                0x00000000080017b4       0x30 zephyr/libzephyr.a(thread_entry.c.obj)
                0x00000000080017b4                z_thread_entry
 .text.st_stm32_common_config
                0x00000000080017e4       0x3c zephyr/libzephyr.a(soc_config.c.obj)
 .text.soc_early_init_hook
                0x0000000008001820       0x4c zephyr/libzephyr.a(soc.c.obj)
                0x0000000008001820                soc_early_init_hook
 .text.z_log_init.isra.0
                0x000000000800186c       0xd4 zephyr/libzephyr.a(log_core.c.obj)
 .text.log_format_func_t_get
                0x0000000008001940        0xc zephyr/libzephyr.a(log_core.c.obj)
                0x0000000008001940                log_format_func_t_get
 .text.log_set_timestamp_func
                0x000000000800194c       0x20 zephyr/libzephyr.a(log_core.c.obj)
                0x000000000800194c                log_set_timestamp_func
 .text.log_core_init
                0x000000000800196c       0x4c zephyr/libzephyr.a(log_core.c.obj)
                0x000000000800196c                log_core_init
 .text.z_impl_log_panic
                0x00000000080019b8       0x40 zephyr/libzephyr.a(log_core.c.obj)
                0x00000000080019b8                z_impl_log_panic
 .text.z_log_dropped
                0x00000000080019f8       0x20 zephyr/libzephyr.a(log_core.c.obj)
                0x00000000080019f8                z_log_dropped
 .text.z_log_msg_commit
                0x0000000008001a18       0x38 zephyr/libzephyr.a(log_core.c.obj)
                0x0000000008001a18                z_log_msg_commit
 .text.log_source_name_get
                0x0000000008001a50       0x1c zephyr/libzephyr.a(log_mgmt.c.obj)
                0x0000000008001a50                log_source_name_get
 .text.z_log_msg_runtime_vcreate
                0x0000000008001a6c       0xb4 zephyr/libzephyr.a(log_msg.c.obj)
                0x0000000008001a6c                z_log_msg_runtime_vcreate
 .text.log_msg_get_source_id
                0x0000000008001b20       0x1c zephyr/libzephyr.a(log_msg.c.obj)
                0x0000000008001b20                log_msg_get_source_id
 .text.print_formatted
                0x0000000008001b3c       0x20 zephyr/libzephyr.a(log_output.c.obj)
 .text.newline_print
                0x0000000008001b5c       0x20 zephyr/libzephyr.a(log_output.c.obj)
 .text.log_output_process
                0x0000000008001b7c      0x2d8 zephyr/libzephyr.a(log_output.c.obj)
                0x0000000008001b7c                log_output_process
 .text.log_output_timestamp_freq_set
                0x0000000008001e54       0x34 zephyr/libzephyr.a(log_output.c.obj)
                0x0000000008001e54                log_output_timestamp_freq_set
 .text.char_out
                0x0000000008001e88       0x24 zephyr/libzephyr.a(log_backend_uart.c.obj)
 .text.mem_attr_get_regions
                0x0000000008001eac        0xc zephyr/libzephyr.a(mem_attr.c.obj)
                0x0000000008001eac                mem_attr_get_regions
 .text.arch_bss_zero
                0x0000000008001eb8       0x18 zephyr/arch/common/libarch__common.a(init.c.obj)
                0x0000000008001eb8                arch_bss_zero
 .text.arch_data_copy
                0x0000000008001ed0       0x34 zephyr/arch/common/libarch__common.a(xip.c.obj)
                0x0000000008001ed0                arch_data_copy
 .text.z_arm_fatal_error
                0x0000000008001f04       0xc4 zephyr/arch/arch/arm/core/libarch__arm__core.a(fatal.c.obj)
                0x0000000008001f04                z_arm_fatal_error
 .text.z_SysNmiOnReset
                0x0000000008001fc8        0x4 zephyr/arch/arch/arm/core/libarch__arm__core.a(nmi_on_reset.S.obj)
                0x0000000008001fc8                z_SysNmiOnReset
 .text.arch_tls_stack_setup
                0x0000000008001fcc       0x38 zephyr/arch/arch/arm/core/libarch__arm__core.a(tls.c.obj)
                0x0000000008001fcc                arch_tls_stack_setup
 .text._HandlerModeExit
                0x0000000008002004       0x28 zephyr/arch/arch/arm/core/cortex_m/libarch__arm__core__cortex_m.a(exc_exit.c.obj)
                0x0000000008002004                z_arm_exc_exit
                0x0000000008002004                z_arm_int_exit
 .text.z_arm_fault
                0x000000000800202c      0x134 zephyr/arch/arch/arm/core/cortex_m/libarch__arm__core__cortex_m.a(fault.c.obj)
                0x000000000800202c                z_arm_fault
 .text.z_arm_fault_init
                0x0000000008002160       0x10 zephyr/arch/arch/arm/core/cortex_m/libarch__arm__core__cortex_m.a(fault.c.obj)
                0x0000000008002160                z_arm_fault_init
 .text.__fault  0x0000000008002170       0x14 zephyr/arch/arch/arm/core/cortex_m/libarch__arm__core__cortex_m.a(fault_s.S.obj)
                0x0000000008002170                z_arm_exc_spurious
                0x0000000008002170                z_arm_hard_fault
 .text._reset_section
                0x0000000008002184       0x34 zephyr/arch/arch/arm/core/cortex_m/libarch__arm__core__cortex_m.a(reset.S.obj)
                0x0000000008002184                z_arm_reset
                0x0000000008002184                __start
 .text.z_impl_k_thread_abort
                0x00000000080021b8       0x38 zephyr/arch/arch/arm/core/cortex_m/libarch__arm__core__cortex_m.a(thread_abort.c.obj)
                0x00000000080021b8                z_impl_k_thread_abort
 .text.z_arm_pendsv
                0x00000000080021f0       0x70 zephyr/arch/arch/arm/core/cortex_m/libarch__arm__core__cortex_m.a(swap_helper.S.obj)
                0x00000000080021f0                z_arm_pendsv
 .text.z_arm_svc
                0x0000000008002260       0x28 zephyr/arch/arch/arm/core/cortex_m/libarch__arm__core__cortex_m.a(swap_helper.S.obj)
                0x0000000008002260                z_arm_svc
 .text.arm_irq_enable
                0x0000000008002288       0x18 zephyr/arch/arch/arm/core/cortex_m/libarch__arm__core__cortex_m.a(irq_manage.c.obj)
                0x0000000008002288                arm_irq_enable
 .text.arm_irq_priority_set
                0x00000000080022a0       0x54 zephyr/arch/arch/arm/core/cortex_m/libarch__arm__core__cortex_m.a(irq_manage.c.obj)
                0x00000000080022a0                arm_irq_priority_set
 .text.relocate_vector_table
                0x00000000080022f4       0x1c zephyr/arch/arch/arm/core/cortex_m/libarch__arm__core__cortex_m.a(prep_c.c.obj)
                0x00000000080022f4                relocate_vector_table
 .text.arch_new_thread
                0x0000000008002310       0x2c zephyr/arch/arch/arm/core/cortex_m/libarch__arm__core__cortex_m.a(thread.c.obj)
                0x0000000008002310                arch_new_thread
 .text.arch_switch_to_main_thread
                0x000000000800233c       0x38 zephyr/arch/arch/arm/core/cortex_m/libarch__arm__core__cortex_m.a(thread.c.obj)
                0x000000000800233c                arch_switch_to_main_thread
 .text.z_arm_cpu_idle_init
                0x0000000008002374        0xc zephyr/arch/arch/arm/core/cortex_m/libarch__arm__core__cortex_m.a(cpu_idle.c.obj)
                0x0000000008002374                z_arm_cpu_idle_init
 .text.z_arm_interrupt_init
                0x0000000008002380       0x30 zephyr/arch/arch/arm/core/cortex_m/libarch__arm__core__cortex_m.a(irq_init.c.obj)
                0x0000000008002380                z_arm_interrupt_init
 .text._isr_wrapper
                0x00000000080023b0       0x20 zephyr/arch/arch/arm/core/cortex_m/libarch__arm__core__cortex_m.a(isr_wrapper.c.obj)
                0x00000000080023b0                _isr_wrapper
 .text.__aeabi_read_tp
                0x00000000080023d0        0xc zephyr/arch/arch/arm/core/cortex_m/libarch__arm__core__cortex_m.a(__aeabi_read_tp.S.obj)
                0x00000000080023d0                __aeabi_read_tp
 .text.z_arm_configure_static_mpu_regions
                0x00000000080023dc       0x1c zephyr/arch/arch/arm/core/mpu/libarch__arm__core__mpu.a(arm_core_mpu.c.obj)
                0x00000000080023dc                z_arm_configure_static_mpu_regions
 .text.region_allocate_and_init
                0x00000000080023f8       0x54 zephyr/arch/arch/arm/core/mpu/libarch__arm__core__mpu.a(arm_mpu.c.obj)
 .text.mpu_configure_regions
                0x000000000800244c       0x80 zephyr/arch/arch/arm/core/mpu/libarch__arm__core__mpu.a(arm_mpu.c.obj)
 .text.arm_core_mpu_enable
                0x00000000080024cc       0x14 zephyr/arch/arch/arm/core/mpu/libarch__arm__core__mpu.a(arm_mpu.c.obj)
                0x00000000080024cc                arm_core_mpu_enable
 .text.arm_core_mpu_disable
                0x00000000080024e0       0x10 zephyr/arch/arch/arm/core/mpu/libarch__arm__core__mpu.a(arm_mpu.c.obj)
                0x00000000080024e0                arm_core_mpu_disable
 .text.arm_core_mpu_configure_static_mpu_regions
                0x00000000080024f0       0x14 zephyr/arch/arch/arm/core/mpu/libarch__arm__core__mpu.a(arm_mpu.c.obj)
                0x00000000080024f0                arm_core_mpu_configure_static_mpu_regions
 .text.z_arm_mpu_init
                0x0000000008002504      0x170 zephyr/arch/arch/arm/core/mpu/libarch__arm__core__mpu.a(arm_mpu.c.obj)
                0x0000000008002504                z_arm_mpu_init
 .text.cbvprintf
                0x0000000008002674       0x38 zephyr/lib/libc/picolibc/liblib__libc__picolibc.a(cbprintf.c.obj)
                0x0000000008002674                cbvprintf
 .text.z_impl_zephyr_fputc
                0x00000000080026ac       0x10 zephyr/lib/libc/picolibc/liblib__libc__picolibc.a(stdio.c.obj)
                0x00000000080026ac                z_impl_zephyr_fputc
 .text.__stdout_hook_install
                0x00000000080026bc       0x18 zephyr/lib/libc/picolibc/liblib__libc__picolibc.a(stdio.c.obj)
                0x00000000080026bc                __stdout_hook_install
 .text.malloc_prepare
                0x00000000080026d4       0x24 zephyr/lib/libc/common/liblib__libc__common.a(malloc.c.obj)
 .text.rtio_init
                0x00000000080026f8       0x8c zephyr/subsys/rtio/libsubsys__rtio.a(rtio_init.c.obj)
                0x00000000080026f8                rtio_init
 .text.rtio_workq_thread_fn
                0x0000000008002784       0x30 zephyr/subsys/rtio/libsubsys__rtio.a(rtio_workq.c.obj)
 .text.static_init
                0x00000000080027b4       0x38 zephyr/subsys/rtio/libsubsys__rtio.a(rtio_workq.c.obj)
 .text.input_report
                0x00000000080027ec       0x44 zephyr/subsys/input/libsubsys__input.a(input.c.obj)
                0x00000000080027ec                input_report
 .text.stm32_exti_init
                0x0000000008002830       0x58 zephyr/drivers/interrupt_controller/libdrivers__interrupt_controller.a(intc_exti_stm32.c.obj)
 .text.stm32_exti_is_pending
                0x0000000008002888       0x64 zephyr/drivers/interrupt_controller/libdrivers__interrupt_controller.a(intc_exti_stm32.c.obj)
                0x0000000008002888                stm32_exti_is_pending
 .text.stm32_exti_clear_pending
                0x00000000080028ec       0x4c zephyr/drivers/interrupt_controller/libdrivers__interrupt_controller.a(intc_exti_stm32.c.obj)
                0x00000000080028ec                stm32_exti_clear_pending
 .text.stm32_intc_gpio_isr
                0x0000000008002938       0x48 zephyr/drivers/interrupt_controller/libdrivers__interrupt_controller.a(intc_gpio_stm32.c.obj)
 .text.stm32_exti_gpio_intc_init
                0x0000000008002980       0x40 zephyr/drivers/interrupt_controller/libdrivers__interrupt_controller.a(intc_gpio_stm32.c.obj)
 .text.stm32_gpio_intc_enable_line
                0x00000000080029c0       0x30 zephyr/drivers/interrupt_controller/libdrivers__interrupt_controller.a(intc_gpio_stm32.c.obj)
                0x00000000080029c0                stm32_gpio_intc_enable_line
 .text.stm32_gpio_intc_disable_line
                0x00000000080029f0       0x10 zephyr/drivers/interrupt_controller/libdrivers__interrupt_controller.a(intc_gpio_stm32.c.obj)
                0x00000000080029f0                stm32_gpio_intc_disable_line
 .text.stm32_gpio_intc_select_line_trigger
                0x0000000008002a00       0x48 zephyr/drivers/interrupt_controller/libdrivers__interrupt_controller.a(intc_gpio_stm32.c.obj)
                0x0000000008002a00                stm32_gpio_intc_select_line_trigger
 .text.stm32_gpio_intc_set_irq_callback
                0x0000000008002a48       0x40 zephyr/drivers/interrupt_controller/libdrivers__interrupt_controller.a(intc_gpio_stm32.c.obj)
                0x0000000008002a48                stm32_gpio_intc_set_irq_callback
 .text.stm32_gpio_intc_remove_irq_callback
                0x0000000008002a88       0x24 zephyr/drivers/interrupt_controller/libdrivers__interrupt_controller.a(intc_gpio_stm32.c.obj)
                0x0000000008002a88                stm32_gpio_intc_remove_irq_callback
 .text.stm32_exti_set_line_src_port
                0x0000000008002aac       0x30 zephyr/drivers/interrupt_controller/libdrivers__interrupt_controller.a(intc_gpio_stm32.c.obj)
                0x0000000008002aac                stm32_exti_set_line_src_port
 .text.stm32_exti_get_line_src_port
                0x0000000008002adc       0x28 zephyr/drivers/interrupt_controller/libdrivers__interrupt_controller.a(intc_gpio_stm32.c.obj)
                0x0000000008002adc                stm32_exti_get_line_src_port
 .text.stm32_clock_control_on
                0x0000000008002b04       0x40 zephyr/drivers/clock_control/libdrivers__clock_control.a(clock_stm32_ll_common.c.obj)
 .text.stm32_clock_control_off
                0x0000000008002b44       0x30 zephyr/drivers/clock_control/libdrivers__clock_control.a(clock_stm32_ll_common.c.obj)
 .text.stm32_clock_control_get_subsys_rate
                0x0000000008002b74       0x94 zephyr/drivers/clock_control/libdrivers__clock_control.a(clock_stm32_ll_common.c.obj)
 .text.enabled_clock
                0x0000000008002c08       0x1c zephyr/drivers/clock_control/libdrivers__clock_control.a(clock_stm32_ll_common.c.obj)
                0x0000000008002c08                enabled_clock
 .text.stm32_clock_control_configure
                0x0000000008002c24       0x58 zephyr/drivers/clock_control/libdrivers__clock_control.a(clock_stm32_ll_common.c.obj)
 .text.stm32_clock_control_get_status
                0x0000000008002c7c       0x34 zephyr/drivers/clock_control/libdrivers__clock_control.a(clock_stm32_ll_common.c.obj)
 .text.stm32_clock_control_init
                0x0000000008002cb0      0x160 zephyr/drivers/clock_control/libdrivers__clock_control.a(clock_stm32_ll_common.c.obj)
                0x0000000008002cb0                stm32_clock_control_init
 .text.get_pllsrc_frequency
                0x0000000008002e10        0x8 zephyr/drivers/clock_control/libdrivers__clock_control.a(clock_stm32g0_u0.c.obj)
                0x0000000008002e10                get_pllsrc_frequency
 .text.config_pll_sysclock
                0x0000000008002e18       0x28 zephyr/drivers/clock_control/libdrivers__clock_control.a(clock_stm32g0_u0.c.obj)
                0x0000000008002e18                config_pll_sysclock
 .text.config_enable_default_clocks
                0x0000000008002e40       0x48 zephyr/drivers/clock_control/libdrivers__clock_control.a(clock_stm32g0_u0.c.obj)
                0x0000000008002e40                config_enable_default_clocks
 .text.uart_console_init
                0x0000000008002e88       0x2c zephyr/drivers/console/libdrivers__console.a(uart_console.c.obj)
 .text.console_out
                0x0000000008002eb4       0x28 zephyr/drivers/console/libdrivers__console.a(uart_console.c.obj)
 .text.gpio_pin_configure_dt.constprop.0
                0x0000000008002edc       0x4c zephyr/drivers/display/libdrivers__display.a(display_ssd1306.c.obj)
 .text.ssd1306_set_orientation
                0x0000000008002f28       0x4c zephyr/drivers/display/libdrivers__display.a(display_ssd1306.c.obj)
 .text.ssd1306_set_pixel_format
                0x0000000008002f74       0x74 zephyr/drivers/display/libdrivers__display.a(display_ssd1306.c.obj)
 .text.ssd1306_write
                0x0000000008002fe8      0x1a0 zephyr/drivers/display/libdrivers__display.a(display_ssd1306.c.obj)
 .text.ssd1306_suspend
                0x0000000008003188       0x38 zephyr/drivers/display/libdrivers__display.a(display_ssd1306.c.obj)
 .text.ssd1306_resume
                0x00000000080031c0       0x38 zephyr/drivers/display/libdrivers__display.a(display_ssd1306.c.obj)
 .text.ssd1306_init
                0x00000000080031f8      0x2ec zephyr/drivers/display/libdrivers__display.a(display_ssd1306.c.obj)
 .text.gpio_stm32_pin_interrupt_configure
                0x00000000080034e4       0xb0 zephyr/drivers/gpio/libdrivers__gpio.a(gpio_stm32.c.obj)
 .text.gpio_stm32_init
                0x0000000008003594       0x3c zephyr/drivers/gpio/libdrivers__gpio.a(gpio_stm32.c.obj)
 .text.i2c_stm32_get_config
                0x00000000080035d0       0x38 zephyr/drivers/i2c/libdrivers__i2c.a(i2c_stm32.c.obj)
                0x00000000080035d0                i2c_stm32_get_config
 .text.i2c_stm32_set_smbus_mode
                0x0000000008003608       0x48 zephyr/drivers/i2c/libdrivers__i2c.a(i2c_stm32.c.obj)
                0x0000000008003608                i2c_stm32_set_smbus_mode
 .text.i2c_stm32_runtime_configure
                0x0000000008003650       0x98 zephyr/drivers/i2c/libdrivers__i2c.a(i2c_stm32.c.obj)
                0x0000000008003650                i2c_stm32_runtime_configure
 .text.i2c_stm32_init
                0x00000000080036e8       0xe8 zephyr/drivers/i2c/libdrivers__i2c.a(i2c_stm32.c.obj)
 .text.i2c_stm32_activate
                0x00000000080037d0       0x80 zephyr/drivers/i2c/libdrivers__i2c.a(i2c_stm32_common.c.obj)
                0x00000000080037d0                i2c_stm32_activate
 .text.i2c_stm32_event
                0x0000000008003850       0xac zephyr/drivers/i2c/libdrivers__i2c.a(i2c_stm32_v2.c.obj)
                0x0000000008003850                i2c_stm32_event
 .text.i2c_stm32_configure_timing
                0x00000000080038fc      0x174 zephyr/drivers/i2c/libdrivers__i2c.a(i2c_stm32_v2.c.obj)
                0x00000000080038fc                i2c_stm32_configure_timing
 .text.i2c_stm32_transaction
                0x0000000008003a70      0x110 zephyr/drivers/i2c/libdrivers__i2c.a(i2c_stm32_v2.c.obj)
                0x0000000008003a70                i2c_stm32_transaction
 .text.gpio_keys_init
                0x0000000008003b80      0x1a8 zephyr/drivers/input/libdrivers__input.a(input_gpio_keys.c.obj)
 .text.gpio_keys_change_deferred
                0x0000000008003d28       0x7c zephyr/drivers/input/libdrivers__input.a(input_gpio_keys.c.obj)
 .text.pinctrl_configure_pins
                0x0000000008003da4       0x8c zephyr/drivers/pinctrl/libdrivers__pinctrl.a(pinctrl_stm32.c.obj)
                0x0000000008003da4                pinctrl_configure_pins
 .text.uart_stm32_irq_err_enable
                0x0000000008003e30       0x58 zephyr/drivers/serial/libdrivers__serial.a(uart_stm32.c.obj)
 .text.uart_stm32_irq_err_disable
                0x0000000008003e88       0x5c zephyr/drivers/serial/libdrivers__serial.a(uart_stm32.c.obj)
 .text.uart_stm32_set_baudrate
                0x0000000008003ee4       0x94 zephyr/drivers/serial/libdrivers__serial.a(uart_stm32.c.obj)
 .text.uart_stm32_parameters_set
                0x0000000008003f78      0x168 zephyr/drivers/serial/libdrivers__serial.a(uart_stm32.c.obj)
 .text.uart_stm32_init
                0x00000000080040e0      0x210 zephyr/drivers/serial/libdrivers__serial.a(uart_stm32.c.obj)
 .text.uart_stm32_config_get
                0x00000000080042f0       0xa4 zephyr/drivers/serial/libdrivers__serial.a(uart_stm32.c.obj)
 .text.uart_stm32_configure
                0x0000000008004394      0x17c zephyr/drivers/serial/libdrivers__serial.a(uart_stm32.c.obj)
 .text.uart_stm32_fifo_fill
                0x0000000008004510       0x5c zephyr/drivers/serial/libdrivers__serial.a(uart_stm32.c.obj)
 .text.uart_stm32_fifo_read
                0x000000000800456c       0x4c zephyr/drivers/serial/libdrivers__serial.a(uart_stm32.c.obj)
 .text.elapsed  0x00000000080045b8       0x54 zephyr/drivers/timer/libdrivers__timer.a(cortex_m_systick.c.obj)
 .text.sys_clock_driver_init
                0x000000000800460c       0x3c zephyr/drivers/timer/libdrivers__timer.a(cortex_m_systick.c.obj)
 .text.sys_clock_isr
                0x0000000008004648       0x58 zephyr/drivers/timer/libdrivers__timer.a(cortex_m_systick.c.obj)
                0x0000000008004648                sys_clock_isr
 .text.sys_clock_set_timeout
                0x00000000080046a0      0x114 zephyr/drivers/timer/libdrivers__timer.a(cortex_m_systick.c.obj)
                0x00000000080046a0                sys_clock_set_timeout
 .text.sys_clock_elapsed
                0x00000000080047b4       0x34 zephyr/drivers/timer/libdrivers__timer.a(cortex_m_systick.c.obj)
                0x00000000080047b4                sys_clock_elapsed
 .text.sys_clock_cycle_get_32
                0x00000000080047e8       0x24 zephyr/drivers/timer/libdrivers__timer.a(cortex_m_systick.c.obj)
                0x00000000080047e8                sys_clock_cycle_get_32
 .text.HAL_RCC_GetSysClockFreq
                0x000000000800480c       0x88 modules/hal_stm32/stm32cube/lib..__modules__hal__stm32__stm32cube.a(stm32g0xx_hal_rcc.c.obj)
                0x000000000800480c                HAL_RCC_GetSysClockFreq
 .text.LL_SetFlashLatency
                0x0000000008004894       0x50 modules/hal_stm32/stm32cube/lib..__modules__hal__stm32__stm32cube.a(stm32g0xx_ll_utils.c.obj)
                0x0000000008004894                LL_SetFlashLatency
 .text.k_sys_fatal_error_handler
                0x00000000080048e4       0x2c zephyr/kernel/libkernel.a(fatal.c.obj)
                0x00000000080048e4                k_sys_fatal_error_handler
 .text.z_fatal_error
                0x0000000008004910       0xcc zephyr/kernel/libkernel.a(fatal.c.obj)
                0x0000000008004910                z_fatal_error
 .text.z_sys_init_run_level
                0x00000000080049dc       0x34 zephyr/kernel/libkernel.a(init.c.obj)
 .text.bg_thread_main
                0x0000000008004a10       0xa8 zephyr/kernel/libkernel.a(init.c.obj)
 .text.z_init_cpu
                0x0000000008004ab8       0x68 zephyr/kernel/libkernel.a(init.c.obj)
                0x0000000008004ab8                z_init_cpu
 .text.z_cstart
                0x0000000008004b20       0xbc zephyr/kernel/libkernel.a(init.c.obj)
                0x0000000008004b20                z_cstart
 .text.init_mem_slab_obj_core_list
                0x0000000008004bdc       0x24 zephyr/kernel/libkernel.a(mem_slab.c.obj)
 .text.z_impl_k_queue_get
                0x0000000008004c00       0x5c zephyr/kernel/libkernel.a(queue.c.obj)
                0x0000000008004c00                z_impl_k_queue_get
 .text.z_impl_k_sem_give
                0x0000000008004c5c       0x64 zephyr/kernel/libkernel.a(sem.c.obj)
                0x0000000008004c5c                z_impl_k_sem_give
 .text.z_impl_k_sem_take
                0x0000000008004cc0       0x4c zephyr/kernel/libkernel.a(sem.c.obj)
                0x0000000008004cc0                z_impl_k_sem_take
 .text.work_queue_main
                0x0000000008004d0c      0x148 zephyr/kernel/libkernel.a(work.c.obj)
 .text.submit_to_queue_locked
                0x0000000008004e54       0xd8 zephyr/kernel/libkernel.a(work.c.obj)
 .text.k_work_queue_start
                0x0000000008004f2c       0x88 zephyr/kernel/libkernel.a(work.c.obj)
                0x0000000008004f2c                k_work_queue_start
 .text.k_work_reschedule_for_queue
                0x0000000008004fb4       0x54 zephyr/kernel/libkernel.a(work.c.obj)
                0x0000000008004fb4                k_work_reschedule_for_queue
 .text.k_work_reschedule
                0x0000000008005008       0x14 zephyr/kernel/libkernel.a(work.c.obj)
                0x0000000008005008                k_work_reschedule
 .text.z_check_stack_sentinel
                0x000000000800501c       0x2c zephyr/kernel/libkernel.a(thread.c.obj)
                0x000000000800501c                z_check_stack_sentinel
 .text.z_setup_new_thread
                0x0000000008005048       0x88 zephyr/kernel/libkernel.a(thread.c.obj)
                0x0000000008005048                z_setup_new_thread
 .text.z_impl_k_thread_create
                0x00000000080050d0       0x58 zephyr/kernel/libkernel.a(thread.c.obj)
                0x00000000080050d0                z_impl_k_thread_create
 .text.z_dummy_thread_init
                0x0000000008005128       0x18 zephyr/kernel/libkernel.a(thread.c.obj)
                0x0000000008005128                z_dummy_thread_init
 .text.ready_thread
                0x0000000008005140       0x8c zephyr/kernel/libkernel.a(sched.c.obj)
 .text.unready_thread
                0x00000000080051cc       0x58 zephyr/kernel/libkernel.a(sched.c.obj)
 .text.z_swap_irqlock
                0x0000000008005224       0x34 zephyr/kernel/libkernel.a(sched.c.obj)
 .text.add_thread_timeout
                0x0000000008005258       0x18 zephyr/kernel/libkernel.a(sched.c.obj)
 .text.move_current_to_end_of_prio_q
                0x0000000008005270       0x78 zephyr/kernel/libkernel.a(sched.c.obj)
                0x0000000008005270                move_current_to_end_of_prio_q
 .text.z_pend_curr
                0x00000000080052e8       0x38 zephyr/kernel/libkernel.a(sched.c.obj)
                0x00000000080052e8                z_pend_curr
 .text.z_reschedule
                0x0000000008005320       0x2c zephyr/kernel/libkernel.a(sched.c.obj)
                0x0000000008005320                z_reschedule
 .text.z_reschedule_irqlock
                0x000000000800534c       0x2c zephyr/kernel/libkernel.a(sched.c.obj)
                0x000000000800534c                z_reschedule_irqlock
 .text.k_sched_lock
                0x0000000008005378       0x20 zephyr/kernel/libkernel.a(sched.c.obj)
                0x0000000008005378                k_sched_lock
 .text.k_sched_unlock
                0x0000000008005398       0x60 zephyr/kernel/libkernel.a(sched.c.obj)
                0x0000000008005398                k_sched_unlock
 .text.z_sched_init
                0x00000000080053f8       0x14 zephyr/kernel/libkernel.a(sched.c.obj)
                0x00000000080053f8                z_sched_init
 .text.z_impl_k_yield
                0x000000000800540c       0x84 zephyr/kernel/libkernel.a(sched.c.obj)
                0x000000000800540c                z_impl_k_yield
 .text.z_tick_sleep
                0x0000000008005490       0x74 zephyr/kernel/libkernel.a(sched.c.obj)
 .text.z_impl_k_sleep
                0x0000000008005504       0x40 zephyr/kernel/libkernel.a(sched.c.obj)
                0x0000000008005504                z_impl_k_sleep
 .text.z_impl_k_wakeup
                0x0000000008005544       0x40 zephyr/kernel/libkernel.a(sched.c.obj)
                0x0000000008005544                z_impl_k_wakeup
 .text.z_impl_k_sched_current_thread_query
                0x0000000008005584        0xc zephyr/kernel/libkernel.a(sched.c.obj)
                0x0000000008005584                z_impl_k_sched_current_thread_query
 .text.z_thread_abort
                0x0000000008005590      0x12c zephyr/kernel/libkernel.a(sched.c.obj)
                0x0000000008005590                z_thread_abort
 .text.z_sched_wait
                0x00000000080056bc       0x24 zephyr/kernel/libkernel.a(sched.c.obj)
                0x00000000080056bc                z_sched_wait
 .text.z_time_slice_size
                0x00000000080056e0       0x48 zephyr/kernel/libkernel.a(timeslicing.c.obj)
 .text.slice_timeout
                0x0000000008005728       0x20 zephyr/kernel/libkernel.a(timeslicing.c.obj)
 .text.z_reset_time_slice
                0x0000000008005748       0x44 zephyr/kernel/libkernel.a(timeslicing.c.obj)
                0x0000000008005748                z_reset_time_slice
 .text.z_time_slice
                0x000000000800578c       0x58 zephyr/kernel/libkernel.a(timeslicing.c.obj)
                0x000000000800578c                z_time_slice
 .text.first    0x00000000080057e4       0x10 zephyr/kernel/libkernel.a(timeout.c.obj)
 .text.next_timeout
                0x00000000080057f4       0x38 zephyr/kernel/libkernel.a(timeout.c.obj)
 .text.elapsed  0x000000000800582c       0x18 zephyr/kernel/libkernel.a(timeout.c.obj)
 .text.remove_timeout
                0x0000000008005844       0x38 zephyr/kernel/libkernel.a(timeout.c.obj)
 .text.z_add_timeout
                0x000000000800587c      0x120 zephyr/kernel/libkernel.a(timeout.c.obj)
                0x000000000800587c                z_add_timeout
 .text.sys_clock_announce
                0x000000000800599c       0xd4 zephyr/kernel/libkernel.a(timeout.c.obj)
                0x000000000800599c                sys_clock_announce
 .text.sys_clock_tick_get
                0x0000000008005a70       0x2c zephyr/kernel/libkernel.a(timeout.c.obj)
                0x0000000008005a70                sys_clock_tick_get
 .text.z_timer_expiration_handler
                0x0000000008005a9c      0x108 zephyr/kernel/libkernel.a(timer.c.obj)
                0x0000000008005a9c                z_timer_expiration_handler
 .text.z_impl_k_timer_start
                0x0000000008005ba4       0x68 zephyr/kernel/libkernel.a(timer.c.obj)
                0x0000000008005ba4                z_impl_k_timer_start
 .text.boot_banner
                0x0000000008005c0c       0x24 zephyr/kernel/libkernel.a(banner.c.obj)
                0x0000000008005c0c                boot_banner
 .text.statics_init
                0x0000000008005c30       0x24 zephyr/kernel/libkernel.a(kheap.c.obj)
 .text.k_sys_work_q_init
                0x0000000008005c54       0x28 zephyr/kernel/libkernel.a(system_work_q.c.obj)
 .text.puts     0x0000000008005c7c       0x40 /home/georg/zephyr-sdk-0.17.4/arm-zephyr-eabi/bin/../lib/gcc/../../picolibc/arm-zephyr-eabi/lib/thumb/v6-m/nofp/libc.a(libc_tinystdio_puts.c.o)
                0x0000000008005c7c                puts
 .text.snprintf
                0x0000000008005cbc       0x54 /home/georg/zephyr-sdk-0.17.4/arm-zephyr-eabi/bin/../lib/gcc/../../picolibc/arm-zephyr-eabi/lib/thumb/v6-m/nofp/libc.a(libc_tinystdio_snprintf.c.o)
                0x0000000008005cbc                snprintf
 .text.strtol   0x0000000008005d10       0xf4 /home/georg/zephyr-sdk-0.17.4/arm-zephyr-eabi/bin/../lib/gcc/../../picolibc/arm-zephyr-eabi/lib/thumb/v6-m/nofp/libc.a(libc_tinystdio_strtol.c.o)
                0x0000000008005d10                strtol
 .text.__l_vfprintf
                0x0000000008005e04      0x4d0 /home/georg/zephyr-sdk-0.17.4/arm-zephyr-eabi/bin/../lib/gcc/../../picolibc/arm-zephyr-eabi/lib/thumb/v6-m/nofp/libc.a(libc_tinystdio_vflprintf.c.o)
                0x0000000008005e04                __l_vfprintf
 .text._OffsetAbsSyms
                0x00000000080062d4        0x2 zephyr/CMakeFiles/offsets.dir/./arch/arm/core/offsets/offsets.c.obj
                0x00000000080062d4                _OffsetAbsSyms
 .text.atomic_set
                0x00000000080062d6        0x8 app/libapp.a(digee_ctrl.c.obj)
 .text.bpm_x_offset
                0x00000000080062de       0x1c app/libapp.a(digee_ui.c.obj)
                0x00000000080062de                bpm_x_offset
 .text.calc_ui_poly
                0x00000000080062fa       0x22 app/libapp.a(digee_ui.c.obj)
                0x00000000080062fa                calc_ui_poly
 .text.oled_draw_bitmap
                0x000000000800631c       0x66 app/libapp.a(ssd1306_ctrl.c.obj)
                0x000000000800631c                oled_draw_bitmap
 .text.oled_draw_rect
                0x0000000008006382       0x32 app/libapp.a(ssd1306_ctrl.c.obj)
                0x0000000008006382                oled_draw_rect
 .text.oled_clear_rect
                0x00000000080063b4       0x32 app/libapp.a(ssd1306_ctrl.c.obj)
                0x00000000080063b4                oled_clear_rect
 .text.oled_write
                0x00000000080063e6       0x28 app/libapp.a(ssd1306_ctrl.c.obj)
                0x00000000080063e6                oled_write
 .text.gpio_pin_get_dt
                0x000000000800640e       0x28 app/libapp.a(md_encoder.c.obj)
 .text.gpio_pin_configure_dt.constprop.0
                0x0000000008006436       0x38 app/libapp.a(md_encoder.c.obj)
 .text.gpio_pin_interrupt_configure_dt.constprop.0
                0x000000000800646e       0x2a app/libapp.a(md_encoder.c.obj)
 .text.gpio_add_callback.isra.0
                0x0000000008006498       0x10 app/libapp.a(md_encoder.c.obj)
 .text.button_isr
                0x00000000080064a8       0x12 app/libapp.a(buttons.c.obj)
 .text.z_log_msg_runtime_create.constprop.0
                0x00000000080064ba       0x1c app/libapp.a(buttons.c.obj)
 .text.send_byte.isra.0
                0x00000000080064d6        0xa app/libapp.a(midi.c.obj)
 .text.midi_init
                0x00000000080064e0       0x1c app/libapp.a(midi.c.obj)
                0x00000000080064e0                midi_init
 .text.midi_clock
                0x00000000080064fc        0xc app/libapp.a(midi.c.obj)
                0x00000000080064fc                midi_clock
 .text.midi_start
                0x0000000008006508        0xc app/libapp.a(midi.c.obj)
                0x0000000008006508                midi_start
 .text.midi_stop
                0x0000000008006514        0xc app/libapp.a(midi.c.obj)
                0x0000000008006514                midi_stop
 .text.now_us   0x0000000008006520        0xc app/libapp.a(clocks.c.obj)
 .text.midi_poll_timer_cb
                0x000000000800652c        0x8 app/libapp.a(clocks.c.obj)
 .text.chunk_size
                0x0000000008006534        0xa zephyr/libzephyr.a(heap.c.obj)
 .text.free_list_add
                0x000000000800653e       0x4e zephyr/libzephyr.a(heap.c.obj)
 .text.free_list_remove_bidx
                0x000000000800658c       0x36 zephyr/libzephyr.a(heap.c.obj)
 .text.free_list_remove
                0x00000000080065c2       0x1c zephyr/libzephyr.a(heap.c.obj)
 .text.merge_chunks
                0x00000000080065de       0x30 zephyr/libzephyr.a(heap.c.obj)
 .text.free_chunk
                0x000000000800660e       0x60 zephyr/libzephyr.a(heap.c.obj)
 .text.sys_heap_free
                0x000000000800666e       0x20 zephyr/libzephyr.a(heap.c.obj)
                0x000000000800666e                sys_heap_free
 .text.sys_heap_init
                0x000000000800668e       0x74 zephyr/libzephyr.a(heap.c.obj)
                0x000000000800668e                sys_heap_init
 .text.cbpprintf_external
                0x0000000008006702       0x68 zephyr/libzephyr.a(cbprintf_packaged.c.obj)
                0x0000000008006702                cbpprintf_external
 .text.arch_printk_char_out
                0x000000000800676a        0x4 zephyr/libzephyr.a(printk.c.obj)
                0x000000000800676a                arch_printk_char_out
 .text.printk   0x000000000800676e       0x16 zephyr/libzephyr.a(printk.c.obj)
                0x000000000800676e                printk
 .text._ConfigAbsSyms
                0x0000000008006784        0x2 zephyr/libzephyr.a(configs.c.obj)
                0x0000000008006784                _ConfigAbsSyms
 .text.dummy_timestamp
                0x0000000008006786        0x4 zephyr/libzephyr.a(log_core.c.obj)
 .text.default_lf_get_timestamp
                0x000000000800678a       0x10 zephyr/libzephyr.a(log_core.c.obj)
 .text.atomic_inc
                0x000000000800679a        0xa zephyr/libzephyr.a(log_core.c.obj)
 .text.enable_logger
                0x00000000080067a4        0xe zephyr/libzephyr.a(log_core.c.obj)
 .text.z_log_vprintk
                0x00000000080067b2       0x1a zephyr/libzephyr.a(log_core.c.obj)
                0x00000000080067b2                z_log_vprintk
 .text.z_log_notify_backend_enabled
                0x00000000080067cc        0x2 zephyr/libzephyr.a(log_core.c.obj)
                0x00000000080067cc                z_log_notify_backend_enabled
 .text.z_log_get_tag
                0x00000000080067ce        0x4 zephyr/libzephyr.a(log_core.c.obj)
                0x00000000080067ce                z_log_get_tag
 .text.log_backend_enable
                0x00000000080067d2       0x16 zephyr/libzephyr.a(log_mgmt.c.obj)
                0x00000000080067d2                log_backend_enable
 .text.z_log_msg_finalize
                0x00000000080067e8       0x32 zephyr/libzephyr.a(log_msg.c.obj)
                0x00000000080067e8                z_log_msg_finalize
 .text.z_log_msg_runtime_create.constprop.0
                0x000000000800681a       0x1e zephyr/libzephyr.a(log_msg.c.obj)
 .text.log_output_write
                0x0000000008006838       0x1e zephyr/libzephyr.a(log_output.c.obj)
 .text.out_func
                0x0000000008006856       0x18 zephyr/libzephyr.a(log_output.c.obj)
 .text.cr_out_func
                0x000000000800686e       0x1c zephyr/libzephyr.a(log_output.c.obj)
 .text.log_output_msg_process
                0x000000000800688a       0x62 zephyr/libzephyr.a(log_output.c.obj)
                0x000000000800688a                log_output_msg_process
 .text.format_set
                0x00000000080068ec        0xc zephyr/libzephyr.a(log_backend_uart.c.obj)
 .text.log_backend_uart_init
                0x00000000080068f8        0xc zephyr/libzephyr.a(log_backend_uart.c.obj)
 .text.panic    0x0000000008006904       0x32 zephyr/libzephyr.a(log_backend_uart.c.obj)
 .text.process  0x0000000008006936       0x1c zephyr/libzephyr.a(log_backend_uart.c.obj)
 .text.arch_early_memset
                0x0000000008006952        0x8 zephyr/arch/common/libarch__common.a(init.c.obj)
                0x0000000008006952                arch_early_memset
 .text.arch_early_memcpy
                0x000000000800695a        0x8 zephyr/arch/common/libarch__common.a(init.c.obj)
                0x000000000800695a                arch_early_memcpy
 .text.z_log_msg_runtime_create.constprop.0
                0x0000000008006962       0x1e zephyr/arch/arch/arm/core/libarch__arm__core.a(fatal.c.obj)
 .text.z_do_kernel_oops
                0x0000000008006980        0xc zephyr/arch/arch/arm/core/libarch__arm__core.a(fatal.c.obj)
                0x0000000008006980                z_do_kernel_oops
 .text.z_arm_nmi
                0x000000000800698c        0xc zephyr/arch/arch/arm/core/libarch__arm__core.a(nmi.c.obj)
                0x000000000800698c                z_arm_nmi
 .text.z_log_msg_runtime_create.constprop.0
                0x0000000008006998       0x1e zephyr/arch/arch/arm/core/cortex_m/libarch__arm__core__cortex_m.a(fault.c.obj)
 .text.z_irq_spurious
                0x00000000080069b6        0xc zephyr/arch/arch/arm/core/cortex_m/libarch__arm__core__cortex_m.a(irq_manage.c.obj)
                0x00000000080069b6                z_irq_spurious
 .text.z_prep_c
                0x00000000080069c2       0x16 zephyr/arch/arch/arm/core/cortex_m/libarch__arm__core__cortex_m.a(prep_c.c.obj)
                0x00000000080069c2                z_prep_c
 .text.arch_coprocessors_disable
                0x00000000080069d8        0x6 zephyr/arch/arch/arm/core/cortex_m/libarch__arm__core__cortex_m.a(thread.c.obj)
                0x00000000080069d8                arch_coprocessors_disable
 .text.arch_irq_unlock_outlined
                0x00000000080069de        0xc zephyr/arch/arch/arm/core/cortex_m/libarch__arm__core__cortex_m.a(thread.c.obj)
                0x00000000080069de                arch_irq_unlock_outlined
 .text.arch_cpu_idle
                0x00000000080069ea        0xe zephyr/arch/arch/arm/core/cortex_m/libarch__arm__core__cortex_m.a(cpu_idle.c.obj)
                0x00000000080069ea                arch_cpu_idle
 .text.size_to_mpu_rasr_size
                0x00000000080069f8       0x22 zephyr/arch/arch/arm/core/mpu/libarch__arm__core__mpu.a(arm_mpu.c.obj)
 .text.z_log_msg_runtime_create.constprop.0
                0x0000000008006a1a       0x1e zephyr/arch/arch/arm/core/mpu/libarch__arm__core__mpu.a(arm_mpu.c.obj)
 .text.cbputc   0x0000000008006a38        0xc zephyr/lib/libc/picolibc/liblib__libc__picolibc.a(cbprintf.c.obj)
 .text.picolibc_put
                0x0000000008006a44        0xa zephyr/lib/libc/picolibc/liblib__libc__picolibc.a(stdio.c.obj)
 .text.z_log_msg_runtime_create.constprop.0
                0x0000000008006a4e       0x1e zephyr/drivers/interrupt_controller/libdrivers__interrupt_controller.a(intc_exti_stm32.c.obj)
 .text.stm32_gpio_intc_get_pin_irq_line
                0x0000000008006a6c        0xa zephyr/drivers/interrupt_controller/libdrivers__interrupt_controller.a(intc_gpio_stm32.c.obj)
                0x0000000008006a6c                stm32_gpio_intc_get_pin_irq_line
 .text.config_regulator_voltage
                0x0000000008006a76        0x2 zephyr/drivers/clock_control/libdrivers__clock_control.a(clock_stm32_ll_common.c.obj)
                0x0000000008006a76                config_regulator_voltage
 .text.ssd1306_bus_name_i2c
                0x0000000008006a78        0x8 zephyr/drivers/display/libdrivers__display.a(display_ssd1306.c.obj)
 .text.ssd1306_write_bus
                0x0000000008006a80        0xa zephyr/drivers/display/libdrivers__display.a(display_ssd1306.c.obj)
 .text.ssd1306_set_panel_orientation
                0x0000000008006a8a       0x36 zephyr/drivers/display/libdrivers__display.a(display_ssd1306.c.obj)
 .text.ssd1306_set_contrast
                0x0000000008006ac0       0x16 zephyr/drivers/display/libdrivers__display.a(display_ssd1306.c.obj)
 .text.ssd1306_get_capabilities
                0x0000000008006ad6       0x24 zephyr/drivers/display/libdrivers__display.a(display_ssd1306.c.obj)
 .text.ssd1306_write_bus_i2c
                0x0000000008006afa       0x3c zephyr/drivers/display/libdrivers__display.a(display_ssd1306.c.obj)
 .text.z_log_msg_runtime_create.constprop.0
                0x0000000008006b36       0x1c zephyr/drivers/display/libdrivers__display.a(display_ssd1306.c.obj)
 .text.ssd1306_bus_ready_i2c
                0x0000000008006b52        0xc zephyr/drivers/display/libdrivers__display.a(display_ssd1306.c.obj)
 .text.gpio_pin_set_dt.isra.0
                0x0000000008006b5e       0x2e zephyr/drivers/display/libdrivers__display.a(display_ssd1306.c.obj)
 .text.k_sleep.isra.0
                0x0000000008006b8c        0x8 zephyr/drivers/display/libdrivers__display.a(display_ssd1306.c.obj)
 .text.gpio_stm32_port_get_raw
                0x0000000008006b94        0xc zephyr/drivers/gpio/libdrivers__gpio.a(gpio_stm32.c.obj)
 .text.gpio_stm32_port_set_masked_raw
                0x0000000008006ba0       0x12 zephyr/drivers/gpio/libdrivers__gpio.a(gpio_stm32.c.obj)
 .text.gpio_stm32_port_set_bits_raw
                0x0000000008006bb2        0xa zephyr/drivers/gpio/libdrivers__gpio.a(gpio_stm32.c.obj)
 .text.gpio_stm32_port_clear_bits_raw
                0x0000000008006bbc        0xa zephyr/drivers/gpio/libdrivers__gpio.a(gpio_stm32.c.obj)
 .text.gpio_stm32_port_toggle_bits
                0x0000000008006bc6        0xe zephyr/drivers/gpio/libdrivers__gpio.a(gpio_stm32.c.obj)
 .text.gpio_stm32_manage_callback
                0x0000000008006bd4       0x58 zephyr/drivers/gpio/libdrivers__gpio.a(gpio_stm32.c.obj)
 .text.gpio_stm32_configure_raw.isra.0
                0x0000000008006c2c       0xa0 zephyr/drivers/gpio/libdrivers__gpio.a(gpio_stm32.c.obj)
 .text.gpio_stm32_config
                0x0000000008006ccc       0xee zephyr/drivers/gpio/libdrivers__gpio.a(gpio_stm32.c.obj)
 .text.gpio_stm32_isr
                0x0000000008006dba       0x32 zephyr/drivers/gpio/libdrivers__gpio.a(gpio_stm32.c.obj)
 .text.gpio_stm32_configure
                0x0000000008006dec       0x2a zephyr/drivers/gpio/libdrivers__gpio.a(gpio_stm32.c.obj)
                0x0000000008006dec                gpio_stm32_configure
 .text.i2c_stm32_irq_config_func_0
                0x0000000008006e16       0x14 zephyr/drivers/i2c/libdrivers__i2c.a(i2c_stm32.c.obj)
 .text.z_log_msg_runtime_create.constprop.0
                0x0000000008006e2a       0x1e zephyr/drivers/i2c/libdrivers__i2c.a(i2c_stm32.c.obj)
 .text.i2c_stm32_transfer
                0x0000000008006e48       0x9a zephyr/drivers/i2c/libdrivers__i2c.a(i2c_stm32.c.obj)
 .text.z_log_msg_runtime_create.constprop.0
                0x0000000008006ee2       0x1e zephyr/drivers/i2c/libdrivers__i2c.a(i2c_stm32_common.c.obj)
 .text.i2c_stm32_combined_isr
                0x0000000008006f00       0x14 zephyr/drivers/i2c/libdrivers__i2c.a(i2c_stm32_common.c.obj)
                0x0000000008006f00                i2c_stm32_combined_isr
 .text.i2c_stm32_disable_transfer_interrupts
                0x0000000008006f14       0x40 zephyr/drivers/i2c/libdrivers__i2c.a(i2c_stm32_v2.c.obj)
 .text.z_log_msg_runtime_create.constprop.0
                0x0000000008006f54       0x1e zephyr/drivers/i2c/libdrivers__i2c.a(i2c_stm32_v2.c.obj)
 .text.i2c_stm32_error
                0x0000000008006f72       0x4a zephyr/drivers/i2c/libdrivers__i2c.a(i2c_stm32_v2.c.obj)
                0x0000000008006f72                i2c_stm32_error
 .text.gpio_pin_get
                0x0000000008006fbc       0x24 zephyr/drivers/input/libdrivers__input.a(input_gpio_keys.c.obj)
 .text.gpio_keys_interrupt
                0x0000000008006fe0       0x24 zephyr/drivers/input/libdrivers__input.a(input_gpio_keys.c.obj)
 .text.z_log_msg_runtime_create.constprop.0
                0x0000000008007004       0x1e zephyr/drivers/input/libdrivers__input.a(input_gpio_keys.c.obj)
 .text.pinctrl_lookup_state
                0x0000000008007022       0x26 zephyr/drivers/pinctrl/libdrivers__pinctrl.a(common.c.obj)
                0x0000000008007022                pinctrl_lookup_state
 .text.reset_stm32_status
                0x0000000008007048       0x20 zephyr/drivers/reset/libdrivers__reset.a(reset_stm32.c.obj)
 .text.reset_stm32_line_assert
                0x0000000008007068       0x1c zephyr/drivers/reset/libdrivers__reset.a(reset_stm32.c.obj)
 .text.reset_stm32_line_deassert
                0x0000000008007084       0x1c zephyr/drivers/reset/libdrivers__reset.a(reset_stm32.c.obj)
 .text.reset_stm32_line_toggle
                0x00000000080070a0       0x16 zephyr/drivers/reset/libdrivers__reset.a(reset_stm32.c.obj)
 .text.sensor_decoders_init
                0x00000000080070b6        0x4 zephyr/drivers/sensor/libdrivers__sensor.a(sensor_decoders_init.c.obj)
 .text.uart_stm32_ll2cfg_databits
                0x00000000080070ba       0x2c zephyr/drivers/serial/libdrivers__serial.a(uart_stm32.c.obj)
 .text.uart_stm32_err_check
                0x00000000080070e6       0x5e zephyr/drivers/serial/libdrivers__serial.a(uart_stm32.c.obj)
 .text.uart_stm32_irq_tx_enable
                0x0000000008007144       0x1c zephyr/drivers/serial/libdrivers__serial.a(uart_stm32.c.obj)
 .text.uart_stm32_irq_tx_disable
                0x0000000008007160       0x1c zephyr/drivers/serial/libdrivers__serial.a(uart_stm32.c.obj)
 .text.uart_stm32_irq_rx_enable
                0x000000000800717c       0x1c zephyr/drivers/serial/libdrivers__serial.a(uart_stm32.c.obj)
 .text.uart_stm32_irq_rx_disable
                0x0000000008007198       0x1c zephyr/drivers/serial/libdrivers__serial.a(uart_stm32.c.obj)
 .text.uart_stm32_irq_rx_ready
                0x00000000080071b4        0xc zephyr/drivers/serial/libdrivers__serial.a(uart_stm32.c.obj)
 .text.uart_stm32_irq_update
                0x00000000080071c0        0x4 zephyr/drivers/serial/libdrivers__serial.a(uart_stm32.c.obj)
 .text.uart_stm32_irq_callback_set
                0x00000000080071c4        0x8 zephyr/drivers/serial/libdrivers__serial.a(uart_stm32.c.obj)
 .text.uart_stm32_isr
                0x00000000080071cc       0x10 zephyr/drivers/serial/libdrivers__serial.a(uart_stm32.c.obj)
 .text.uart_stm32_irq_config_func_0
                0x00000000080071dc       0x14 zephyr/drivers/serial/libdrivers__serial.a(uart_stm32.c.obj)
 .text.uart_stm32_irq_config_func_1
                0x00000000080071f0       0x14 zephyr/drivers/serial/libdrivers__serial.a(uart_stm32.c.obj)
 .text.uart_stm32_irq_config_func_2
                0x0000000008007204       0x14 zephyr/drivers/serial/libdrivers__serial.a(uart_stm32.c.obj)
 .text.z_log_msg_runtime_create.constprop.0
                0x0000000008007218       0x1e zephyr/drivers/serial/libdrivers__serial.a(uart_stm32.c.obj)
 .text.uart_stm32_irq_tx_complete
                0x0000000008007236        0xc zephyr/drivers/serial/libdrivers__serial.a(uart_stm32.c.obj)
 .text.uart_stm32_irq_tx_ready
                0x0000000008007242       0x14 zephyr/drivers/serial/libdrivers__serial.a(uart_stm32.c.obj)
 .text.uart_stm32_poll_out
                0x0000000008007256       0x36 zephyr/drivers/serial/libdrivers__serial.a(uart_stm32.c.obj)
 .text.uart_stm32_irq_is_pending
                0x000000000800728c       0x24 zephyr/drivers/serial/libdrivers__serial.a(uart_stm32.c.obj)
 .text.uart_stm32_poll_in
                0x00000000080072b0       0x22 zephyr/drivers/serial/libdrivers__serial.a(uart_stm32.c.obj)
 .text.do_device_init
                0x00000000080072d2       0x32 zephyr/kernel/libkernel.a(device.c.obj)
                0x00000000080072d2                do_device_init
 .text.z_impl_device_is_ready
                0x0000000008007304       0x1a zephyr/kernel/libkernel.a(device.c.obj)
                0x0000000008007304                z_impl_device_is_ready
 .text.z_log_msg_runtime_create.constprop.0
                0x000000000800731e       0x1e zephyr/kernel/libkernel.a(fatal.c.obj)
 .text.arch_system_halt
                0x000000000800733c        0x8 zephyr/kernel/libkernel.a(fatal.c.obj)
                0x000000000800733c                arch_system_halt
 .text.create_free_list
                0x0000000008007344       0x3a zephyr/kernel/libkernel.a(mem_slab.c.obj)
 .text.k_mem_slab_free
                0x000000000800737e       0x6a zephyr/kernel/libkernel.a(mem_slab.c.obj)
                0x000000000800737e                k_mem_slab_free
 .text.idle     0x00000000080073e8        0xe zephyr/kernel/libkernel.a(idle.c.obj)
                0x00000000080073e8                idle
 .text.z_queue_node_peek
                0x00000000080073f6       0x1a zephyr/kernel/libkernel.a(queue.c.obj)
                0x00000000080073f6                z_queue_node_peek
 .text.z_impl_k_sem_init
                0x0000000008007410       0x1a zephyr/kernel/libkernel.a(sem.c.obj)
                0x0000000008007410                z_impl_k_sem_init
 .text.flag_test_and_clear
                0x000000000800742a       0x18 zephyr/kernel/libkernel.a(work.c.obj)
 .text.unschedule_locked
                0x0000000008007442       0x20 zephyr/kernel/libkernel.a(work.c.obj)
 .text.notify_queue_locked.isra.0
                0x0000000008007462       0x12 zephyr/kernel/libkernel.a(work.c.obj)
 .text.work_timeout
                0x0000000008007474       0x34 zephyr/kernel/libkernel.a(work.c.obj)
 .text.k_work_init_delayable
                0x00000000080074a8       0x18 zephyr/kernel/libkernel.a(work.c.obj)
                0x00000000080074a8                k_work_init_delayable
 .text.k_is_in_isr
                0x00000000080074c0        0xc zephyr/kernel/libkernel.a(thread.c.obj)
                0x00000000080074c0                k_is_in_isr
 .text.z_impl_k_thread_name_set
                0x00000000080074cc        0x6 zephyr/kernel/libkernel.a(thread.c.obj)
                0x00000000080074cc                z_impl_k_thread_name_set
 .text.k_thread_name_get
                0x00000000080074d2        0x4 zephyr/kernel/libkernel.a(thread.c.obj)
                0x00000000080074d2                k_thread_name_get
 .text.sys_dlist_remove
                0x00000000080074d6       0x10 zephyr/kernel/libkernel.a(sched.c.obj)
 .text.unpend_thread_no_timeout
                0x00000000080074e6       0x16 zephyr/kernel/libkernel.a(sched.c.obj)
 .text.add_to_waitq_locked
                0x00000000080074fc       0x52 zephyr/kernel/libkernel.a(sched.c.obj)
 .text.z_ready_thread
                0x000000000800754e       0x18 zephyr/kernel/libkernel.a(sched.c.obj)
                0x000000000800754e                z_ready_thread
 .text.z_unpend_thread_no_timeout
                0x0000000008007566       0x1e zephyr/kernel/libkernel.a(sched.c.obj)
                0x0000000008007566                z_unpend_thread_no_timeout
 .text.z_sched_wake_thread
                0x0000000008007584       0x36 zephyr/kernel/libkernel.a(sched.c.obj)
                0x0000000008007584                z_sched_wake_thread
 .text.z_thread_timeout
                0x00000000080075ba        0xc zephyr/kernel/libkernel.a(sched.c.obj)
                0x00000000080075ba                z_thread_timeout
 .text.z_unpend1_no_timeout
                0x00000000080075c6       0x2a zephyr/kernel/libkernel.a(sched.c.obj)
                0x00000000080075c6                z_unpend1_no_timeout
 .text.z_unpend_thread
                0x00000000080075f0       0x12 zephyr/kernel/libkernel.a(sched.c.obj)
                0x00000000080075f0                z_unpend_thread
 .text.z_unpend_all
                0x0000000008007602       0x26 zephyr/kernel/libkernel.a(sched.c.obj)
                0x0000000008007602                z_unpend_all
 .text.z_sched_wake
                0x0000000008007628       0x3c zephyr/kernel/libkernel.a(sched.c.obj)
                0x0000000008007628                z_sched_wake
 .text.z_abort_timeout
                0x0000000008007664       0x4c zephyr/kernel/libkernel.a(timeout.c.obj)
                0x0000000008007664                z_abort_timeout
 .text.sys_clock_tick_get_32
                0x00000000080076b0        0x8 zephyr/kernel/libkernel.a(timeout.c.obj)
                0x00000000080076b0                sys_clock_tick_get_32
 .text.z_impl_k_uptime_ticks
                0x00000000080076b8        0x8 zephyr/kernel/libkernel.a(timeout.c.obj)
                0x00000000080076b8                z_impl_k_uptime_ticks
 .text.k_timer_init
                0x00000000080076c0       0x18 zephyr/kernel/libkernel.a(timer.c.obj)
                0x00000000080076c0                k_timer_init
 .text.z_impl_k_timer_stop
                0x00000000080076d8       0x32 zephyr/kernel/libkernel.a(timer.c.obj)
                0x00000000080076d8                z_impl_k_timer_stop
 .text.z_impl_atomic_cas
                0x000000000800770a       0x26 zephyr/kernel/libkernel.a(atomic_c.c.obj)
                0x000000000800770a                z_impl_atomic_cas
 .text.z_impl_atomic_add
                0x0000000008007730       0x1a zephyr/kernel/libkernel.a(atomic_c.c.obj)
                0x0000000008007730                z_impl_atomic_add
 .text.z_impl_atomic_sub
                0x000000000800774a       0x1a zephyr/kernel/libkernel.a(atomic_c.c.obj)
                0x000000000800774a                z_impl_atomic_sub
 .text.z_impl_atomic_set
                0x0000000008007764       0x18 zephyr/kernel/libkernel.a(atomic_c.c.obj)
                0x0000000008007764                z_impl_atomic_set
 .text.k_free   0x000000000800777c       0x12 zephyr/kernel/libkernel.a(mempool.c.obj)
                0x000000000800777c                k_free
 .text.z_impl_k_busy_wait
                0x000000000800778e       0x1a zephyr/kernel/libkernel.a(busy_wait.c.obj)
                0x000000000800778e                z_impl_k_busy_wait
 .text.k_heap_init
                0x00000000080077a8       0x10 zephyr/kernel/libkernel.a(kheap.c.obj)
                0x00000000080077a8                k_heap_init
 .text.k_heap_free
                0x00000000080077b8       0x32 zephyr/kernel/libkernel.a(kheap.c.obj)
                0x00000000080077b8                k_heap_free
 .text.memcpy   0x00000000080077ea       0x12 /home/georg/zephyr-sdk-0.17.4/arm-zephyr-eabi/bin/../lib/gcc/../../picolibc/arm-zephyr-eabi/lib/thumb/v6-m/nofp/libc.a(memcpy.c.o)
                0x00000000080077ea                memcpy
                0x00000000080077ea                __aeabi_memcpy
                0x00000000080077ea                __aeabi_memcpy4
                0x00000000080077ea                __aeabi_memcpy8
 .text.memset   0x00000000080077fc       0x10 /home/georg/zephyr-sdk-0.17.4/arm-zephyr-eabi/bin/../lib/gcc/../../picolibc/arm-zephyr-eabi/lib/thumb/v6-m/nofp/libc.a(memset.c.o)
                0x00000000080077fc                memset
 .text.atoi     0x000000000800780c        0xc /home/georg/zephyr-sdk-0.17.4/arm-zephyr-eabi/bin/../lib/gcc/../../picolibc/arm-zephyr-eabi/lib/thumb/v6-m/nofp/libc.a(libc_stdlib_atoi.c.o)
                0x000000000800780c                atoi
 .text.strnlen  0x0000000008007818       0x16 /home/georg/zephyr-sdk-0.17.4/arm-zephyr-eabi/bin/../lib/gcc/../../picolibc/arm-zephyr-eabi/lib/thumb/v6-m/nofp/libc.a(libc_string_strnlen.c.o)
                0x0000000008007818                strnlen
 .text.__ultoa_invert
                0x000000000800782e      0x10e /home/georg/zephyr-sdk-0.17.4/arm-zephyr-eabi/bin/../lib/gcc/../../picolibc/arm-zephyr-eabi/lib/thumb/v6-m/nofp/libc.a(libc_tinystdio_vflprintf.c.o)
 .text.__file_str_put
                0x000000000800793c       0x10 /home/georg/zephyr-sdk-0.17.4/arm-zephyr-eabi/bin/../lib/gcc/../../picolibc/arm-zephyr-eabi/lib/thumb/v6-m/nofp/libc.a(libc_tinystdio_filestrput.c.o)
                0x000000000800793c                __file_str_put
 *(SORT_BY_ALIGNMENT(.gnu.linkonce.t.*))
 *(SORT_BY_ALIGNMENT(.glue_7t))
 .glue_7t       0x000000000800794c        0x0 linker stubs
 *(SORT_BY_ALIGNMENT(.glue_7))
 .glue_7        0x000000000800794c        0x0 linker stubs
 *(SORT_BY_ALIGNMENT(.vfp11_veneer))
 .vfp11_veneer  0x000000000800794c        0x0 linker stubs
 *(SORT_BY_ALIGNMENT(.v4_bx))
 .v4_bx         0x000000000800794c        0x0 linker stubs
                0x000000000800794c                . = ALIGN (0x4)
                0x000000000800794c                __text_region_end = .

.ARM.exidx      0x000000000800794c        0x8
                0x000000000800794c                __exidx_start = .
 *(SORT_BY_ALIGNMENT(.ARM.exidx*) SORT_BY_ALIGNMENT(gnu.linkonce.armexidx.*))
 .ARM.exidx     0x000000000800794c        0x8 /home/georg/zephyr-sdk-0.17.4/arm-zephyr-eabi/bin/../lib/gcc/arm-zephyr-eabi/12.2.0/thumb/v6-m/nofp/libgcc.a(_udivmoddi4.o)
                0x0000000008007954                __exidx_end = .
                0x0000000008007954                __rodata_region_start = .

initlevel       0x0000000008007954       0xd8
                0x0000000008007954                __init_start = .
                0x0000000008007954                __init_EARLY_start = .
 *(SORT_BY_NAME(SORT_BY_ALIGNMENT(.z_init_EARLY_P_?_*)))
 *(SORT_BY_NAME(SORT_BY_ALIGNMENT(.z_init_EARLY_P_??_*)))
 *(SORT_BY_NAME(SORT_BY_ALIGNMENT(.z_init_EARLY_P_???_*)))
                0x0000000008007954                __init_PRE_KERNEL_1_start = .
 *(SORT_BY_NAME(SORT_BY_ALIGNMENT(.z_init_PRE_KERNEL_1_P_?_*)))
 .z_init_PRE_KERNEL_1_P_1_SUB_00008_
                0x0000000008007954        0x8 zephyr/drivers/clock_control/libdrivers__clock_control.a(clock_stm32_ll_common.c.obj)
 .z_init_PRE_KERNEL_1_P_1_SUB_0_
                0x000000000800795c        0x8 zephyr/libzephyr.a(soc_config.c.obj)
 *(SORT_BY_NAME(SORT_BY_ALIGNMENT(.z_init_PRE_KERNEL_1_P_??_*)))
 .z_init_PRE_KERNEL_1_P_30_SUB_0_
                0x0000000008007964        0x8 zephyr/kernel/libkernel.a(mem_slab.c.obj)
 .z_init_PRE_KERNEL_1_P_30_SUB_0_
                0x000000000800796c        0x8 zephyr/kernel/libkernel.a(kheap.c.obj)
 .z_init_PRE_KERNEL_1_P_35_SUB_00055_
                0x0000000008007974        0x8 zephyr/drivers/reset/libdrivers__reset.a(reset_stm32.c.obj)
 .z_init_PRE_KERNEL_1_P_40_SUB_00012_
                0x000000000800797c        0x8 zephyr/drivers/gpio/libdrivers__gpio.a(gpio_stm32.c.obj)
 .z_init_PRE_KERNEL_1_P_40_SUB_00013_
                0x0000000008007984        0x8 zephyr/drivers/gpio/libdrivers__gpio.a(gpio_stm32.c.obj)
 .z_init_PRE_KERNEL_1_P_40_SUB_00026_
                0x000000000800798c        0x8 zephyr/drivers/gpio/libdrivers__gpio.a(gpio_stm32.c.obj)
 .z_init_PRE_KERNEL_1_P_40_SUB_00041_
                0x0000000008007994        0x8 zephyr/drivers/gpio/libdrivers__gpio.a(gpio_stm32.c.obj)
 .z_init_PRE_KERNEL_1_P_40_SUB_00053_
                0x000000000800799c        0x8 zephyr/drivers/interrupt_controller/libdrivers__interrupt_controller.a(intc_exti_stm32.c.obj)
 .z_init_PRE_KERNEL_1_P_40_SUB_00083_
                0x00000000080079a4        0x8 zephyr/drivers/gpio/libdrivers__gpio.a(gpio_stm32.c.obj)
 .z_init_PRE_KERNEL_1_P_40_SUB_00084_
                0x00000000080079ac        0x8 zephyr/drivers/gpio/libdrivers__gpio.a(gpio_stm32.c.obj)
 .z_init_PRE_KERNEL_1_P_40_SUB_0_
                0x00000000080079b4        0x8 zephyr/drivers/interrupt_controller/libdrivers__interrupt_controller.a(intc_gpio_stm32.c.obj)
 .z_init_PRE_KERNEL_1_P_50_SUB_00056_
                0x00000000080079bc        0x8 zephyr/drivers/serial/libdrivers__serial.a(uart_stm32.c.obj)
 .z_init_PRE_KERNEL_1_P_50_SUB_00060_
                0x00000000080079c4        0x8 zephyr/drivers/serial/libdrivers__serial.a(uart_stm32.c.obj)
 .z_init_PRE_KERNEL_1_P_50_SUB_00065_
                0x00000000080079cc        0x8 zephyr/drivers/serial/libdrivers__serial.a(uart_stm32.c.obj)
 .z_init_PRE_KERNEL_1_P_60_SUB_0_
                0x00000000080079d4        0x8 zephyr/drivers/console/libdrivers__console.a(uart_console.c.obj)
 *(SORT_BY_NAME(SORT_BY_ALIGNMENT(.z_init_PRE_KERNEL_1_P_???_*)))
                0x00000000080079dc                __init_PRE_KERNEL_2_start = .
 *(SORT_BY_NAME(SORT_BY_ALIGNMENT(.z_init_PRE_KERNEL_2_P_?_*)))
 .z_init_PRE_KERNEL_2_P_0_SUB_0_
                0x00000000080079dc        0x8 zephyr/drivers/timer/libdrivers__timer.a(cortex_m_systick.c.obj)
 *(SORT_BY_NAME(SORT_BY_ALIGNMENT(.z_init_PRE_KERNEL_2_P_??_*)))
 *(SORT_BY_NAME(SORT_BY_ALIGNMENT(.z_init_PRE_KERNEL_2_P_???_*)))
                0x00000000080079e4                __init_POST_KERNEL_start = .
 *(SORT_BY_NAME(SORT_BY_ALIGNMENT(.z_init_POST_KERNEL_P_?_*)))
 .z_init_POST_KERNEL_P_0_SUB_0_
                0x00000000080079e4        0x8 zephyr/libzephyr.a(log_core.c.obj)
 .z_init_POST_KERNEL_P_0_SUB_0_
                0x00000000080079ec        0x8 zephyr/subsys/rtio/libsubsys__rtio.a(rtio_init.c.obj)
 .z_init_POST_KERNEL_P_1_SUB_0_
                0x00000000080079f4        0x8 zephyr/subsys/rtio/libsubsys__rtio.a(rtio_workq.c.obj)
 *(SORT_BY_NAME(SORT_BY_ALIGNMENT(.z_init_POST_KERNEL_P_??_*)))
 .z_init_POST_KERNEL_P_35_SUB_0_
                0x00000000080079fc        0x8 zephyr/lib/libc/common/liblib__libc__common.a(malloc.c.obj)
 .z_init_POST_KERNEL_P_40_SUB_0_
                0x0000000008007a04        0x8 zephyr/kernel/libkernel.a(system_work_q.c.obj)
 .z_init_POST_KERNEL_P_50_SUB_00020_
                0x0000000008007a0c        0x8 zephyr/drivers/i2c/libdrivers__i2c.a(i2c_stm32.c.obj)
 .z_init_POST_KERNEL_P_85_SUB_00082_
                0x0000000008007a14        0x8 zephyr/drivers/display/libdrivers__display.a(display_ssd1306.c.obj)
 .z_init_POST_KERNEL_P_90_SUB_00027_
                0x0000000008007a1c        0x8 zephyr/drivers/input/libdrivers__input.a(input_gpio_keys.c.obj)
 .z_init_POST_KERNEL_P_99_SUB_0_
                0x0000000008007a24        0x8 zephyr/drivers/sensor/libdrivers__sensor.a(sensor_decoders_init.c.obj)
 *(SORT_BY_NAME(SORT_BY_ALIGNMENT(.z_init_POST_KERNEL_P_???_*)))
                0x0000000008007a2c                __init_APPLICATION_start = .
 *(SORT_BY_NAME(SORT_BY_ALIGNMENT(.z_init_APPLICATION_P_?_*)))
 *(SORT_BY_NAME(SORT_BY_ALIGNMENT(.z_init_APPLICATION_P_??_*)))
 *(SORT_BY_NAME(SORT_BY_ALIGNMENT(.z_init_APPLICATION_P_???_*)))
                0x0000000008007a2c                __init_SMP_start = .
 *(SORT_BY_NAME(SORT_BY_ALIGNMENT(.z_init_SMP_P_?_*)))
 *(SORT_BY_NAME(SORT_BY_ALIGNMENT(.z_init_SMP_P_??_*)))
 *(SORT_BY_NAME(SORT_BY_ALIGNMENT(.z_init_SMP_P_???_*)))
                0x0000000008007a2c                __init_end = .

device_area     0x0000000008007a2c      0x1a4
                0x0000000008007a2c                _device_list_start = .
 *(SORT_BY_NAME(SORT_BY_ALIGNMENT(._device.static.*_?_*)))
 ._device.static.1_1_
                0x0000000008007a2c       0x1c zephyr/drivers/clock_control/libdrivers__clock_control.a(clock_stm32_ll_common.c.obj)
                0x0000000008007a2c                __device_dts_ord_8
 *(SORT_BY_NAME(SORT_BY_ALIGNMENT(._device.static.*_??_*)))
 ._device.static.1_35_
                0x0000000008007a48       0x1c zephyr/drivers/reset/libdrivers__reset.a(reset_stm32.c.obj)
                0x0000000008007a48                __device_dts_ord_55
 ._device.static.1_40_
                0x0000000008007a64       0x1c zephyr/drivers/interrupt_controller/libdrivers__interrupt_controller.a(intc_exti_stm32.c.obj)
                0x0000000008007a64                __device_dts_ord_53
 ._device.static.1_40_
                0x0000000008007a80       0xa8 zephyr/drivers/gpio/libdrivers__gpio.a(gpio_stm32.c.obj)
                0x0000000008007a80                __device_dts_ord_83
                0x0000000008007a9c                __device_dts_ord_84
                0x0000000008007ab8                __device_dts_ord_13
                0x0000000008007ad4                __device_dts_ord_41
                0x0000000008007af0                __device_dts_ord_26
                0x0000000008007b0c                __device_dts_ord_12
 ._device.static.1_50_
                0x0000000008007b28       0x54 zephyr/drivers/serial/libdrivers__serial.a(uart_stm32.c.obj)
                0x0000000008007b28                __device_dts_ord_60
                0x0000000008007b44                __device_dts_ord_56
                0x0000000008007b60                __device_dts_ord_65
 ._device.static.3_50_
                0x0000000008007b7c       0x1c zephyr/drivers/i2c/libdrivers__i2c.a(i2c_stm32.c.obj)
                0x0000000008007b7c                __device_dts_ord_20
 ._device.static.3_85_
                0x0000000008007b98       0x1c zephyr/drivers/display/libdrivers__display.a(display_ssd1306.c.obj)
                0x0000000008007b98                __device_dts_ord_82
 ._device.static.3_90_
                0x0000000008007bb4       0x1c zephyr/drivers/input/libdrivers__input.a(input_gpio_keys.c.obj)
                0x0000000008007bb4                __device_dts_ord_27
 *(SORT_BY_NAME(SORT_BY_ALIGNMENT(._device.static.*_???_*)))
 *(SORT_BY_NAME(SORT_BY_ALIGNMENT(._device.static.*_????_*)))
 *(SORT_BY_NAME(SORT_BY_ALIGNMENT(._device.static.*_?????_*)))
                0x0000000008007bd0                _device_list_end = .

sw_isr_table    0x0000000008007bd0       0xf8
                0x0000000008007bd0                . = ALIGN (0x4)
 *(SORT_BY_ALIGNMENT(.gnu.linkonce.sw_isr_table*))
 .gnu.linkonce.sw_isr_table
                0x0000000008007bd0       0xf8 zephyr/CMakeFiles/zephyr_final.dir/isr_tables.c.obj
                0x0000000008007bd0                _sw_isr_table

initlevel_error
                0x0000000008007954        0x0
 *(SORT_BY_NAME(SORT_BY_ALIGNMENT(.z_init_*)))
                0x0000000000000001                ASSERT ((SIZEOF (initlevel_error) == 0x0), Undefined initialization levels used.)

app_shmem_regions
                0x0000000008007cc8        0x0
                0x0000000008007cc8                __app_shmem_regions_start = .
 *(SORT_BY_NAME(SORT_BY_ALIGNMENT(.app_regions.*)))
                0x0000000008007cc8                __app_shmem_regions_end = .

k_p4wq_initparam_area
                0x0000000008007cc8        0x0
                0x0000000008007cc8                _k_p4wq_initparam_list_start = .
 *(SORT_BY_NAME(SORT_BY_ALIGNMENT(._k_p4wq_initparam.static.*)))
                0x0000000008007cc8                _k_p4wq_initparam_list_end = .

_static_thread_data_area
                0x0000000008007cc8        0x0
                0x0000000008007cc8                __static_thread_data_list_start = .
 *(SORT_BY_NAME(SORT_BY_ALIGNMENT(.__static_thread_data.static.*)))
                0x0000000008007cc8                __static_thread_data_list_end = .

device_deps     0x0000000008007cc8        0x0
                0x0000000008007cc8                __device_deps_start = .
 *(SORT_BY_NAME(SORT_BY_ALIGNMENT(.__device_deps_pass2*)))
                0x0000000008007cc8                __device_deps_end = .

counter_driver_api_area
                0x0000000008007cc8        0x0
                0x0000000008007cc8                _counter_driver_api_list_start = .
 *(SORT_BY_NAME(SORT_BY_ALIGNMENT(._counter_driver_api.static.*)))
                0x0000000008007cc8                _counter_driver_api_list_end = .

gpio_driver_api_area
                0x0000000008007cc8       0x24
                0x0000000008007cc8                _gpio_driver_api_list_start = .
 *(SORT_BY_NAME(SORT_BY_ALIGNMENT(._gpio_driver_api.static.*)))
 ._gpio_driver_api.static.gpio_stm32_driver_
                0x0000000008007cc8       0x24 zephyr/drivers/gpio/libdrivers__gpio.a(gpio_stm32.c.obj)
                0x0000000008007cec                _gpio_driver_api_list_end = .

i2c_driver_api_area
                0x0000000008007cec       0x18
                0x0000000008007cec                _i2c_driver_api_list_start = .
 *(SORT_BY_NAME(SORT_BY_ALIGNMENT(._i2c_driver_api.static.*)))
 ._i2c_driver_api.static.api_funcs_
                0x0000000008007cec       0x18 zephyr/drivers/i2c/libdrivers__i2c.a(i2c_stm32.c.obj)
                0x0000000008007d04                _i2c_driver_api_list_end = .

i2c_target_driver_api_area
                0x0000000008007d04        0x0
                0x0000000008007d04                _i2c_target_driver_api_list_start = .
 *(SORT_BY_NAME(SORT_BY_ALIGNMENT(._i2c_target_driver_api.static.*)))
                0x0000000008007d04                _i2c_target_driver_api_list_end = .

reset_driver_api_area
                0x0000000008007d04       0x10
                0x0000000008007d04                _reset_driver_api_list_start = .
 *(SORT_BY_NAME(SORT_BY_ALIGNMENT(._reset_driver_api.static.*)))
 ._reset_driver_api.static.reset_stm32_driver_api_
                0x0000000008007d04       0x10 zephyr/drivers/reset/libdrivers__reset.a(reset_stm32.c.obj)
                0x0000000008007d14                _reset_driver_api_list_end = .

sensor_driver_api_area
                0x0000000008007d14        0x0
                0x0000000008007d14                _sensor_driver_api_list_start = .
 *(SORT_BY_NAME(SORT_BY_ALIGNMENT(._sensor_driver_api.static.*)))
                0x0000000008007d14                _sensor_driver_api_list_end = .

shared_irq_driver_api_area
                0x0000000008007d14        0x0
                0x0000000008007d14                _shared_irq_driver_api_list_start = .
 *(SORT_BY_NAME(SORT_BY_ALIGNMENT(._shared_irq_driver_api.static.*)))
                0x0000000008007d14                _shared_irq_driver_api_list_end = .

crypto_driver_api_area
                0x0000000008007d14        0x0
                0x0000000008007d14                _crypto_driver_api_list_start = .
 *(SORT_BY_NAME(SORT_BY_ALIGNMENT(._crypto_driver_api.static.*)))
                0x0000000008007d14                _crypto_driver_api_list_end = .

adc_driver_api_area
                0x0000000008007d14        0x0
                0x0000000008007d14                _adc_driver_api_list_start = .
 *(SORT_BY_NAME(SORT_BY_ALIGNMENT(._adc_driver_api.static.*)))
                0x0000000008007d14                _adc_driver_api_list_end = .

auxdisplay_driver_api_area
                0x0000000008007d14        0x0
                0x0000000008007d14                _auxdisplay_driver_api_list_start = .
 *(SORT_BY_NAME(SORT_BY_ALIGNMENT(._auxdisplay_driver_api.static.*)))
                0x0000000008007d14                _auxdisplay_driver_api_list_end = .

bbram_driver_api_area
                0x0000000008007d14        0x0
                0x0000000008007d14                _bbram_driver_api_list_start = .
 *(SORT_BY_NAME(SORT_BY_ALIGNMENT(._bbram_driver_api.static.*)))
                0x0000000008007d14                _bbram_driver_api_list_end = .

biometric_driver_api_area
                0x0000000008007d14        0x0
                0x0000000008007d14                _biometric_driver_api_list_start = .
 *(SORT_BY_NAME(SORT_BY_ALIGNMENT(._biometric_driver_api.static.*)))
                0x0000000008007d14                _biometric_driver_api_list_end = .

bt_hci_driver_api_area
                0x0000000008007d14        0x0
                0x0000000008007d14                _bt_hci_driver_api_list_start = .
 *(SORT_BY_NAME(SORT_BY_ALIGNMENT(._bt_hci_driver_api.static.*)))
                0x0000000008007d14                _bt_hci_driver_api_list_end = .

can_driver_api_area
                0x0000000008007d14        0x0
                0x0000000008007d14                _can_driver_api_list_start = .
 *(SORT_BY_NAME(SORT_BY_ALIGNMENT(._can_driver_api.static.*)))
                0x0000000008007d14                _can_driver_api_list_end = .

cellular_driver_api_area
                0x0000000008007d14        0x0
                0x0000000008007d14                _cellular_driver_api_list_start = .
 *(SORT_BY_NAME(SORT_BY_ALIGNMENT(._cellular_driver_api.static.*)))
                0x0000000008007d14                _cellular_driver_api_list_end = .

charger_driver_api_area
                0x0000000008007d14        0x0
                0x0000000008007d14                _charger_driver_api_list_start = .
 *(SORT_BY_NAME(SORT_BY_ALIGNMENT(._charger_driver_api.static.*)))
                0x0000000008007d14                _charger_driver_api_list_end = .

clock_control_driver_api_area
                0x0000000008007d14       0x1c
                0x0000000008007d14                _clock_control_driver_api_list_start = .
 *(SORT_BY_NAME(SORT_BY_ALIGNMENT(._clock_control_driver_api.static.*)))
 ._clock_control_driver_api.static.stm32_clock_control_api_
                0x0000000008007d14       0x1c zephyr/drivers/clock_control/libdrivers__clock_control.a(clock_stm32_ll_common.c.obj)
                0x0000000008007d30                _clock_control_driver_api_list_end = .

comparator_driver_api_area
                0x0000000008007d30        0x0
                0x0000000008007d30                _comparator_driver_api_list_start = .
 *(SORT_BY_NAME(SORT_BY_ALIGNMENT(._comparator_driver_api.static.*)))
                0x0000000008007d30                _comparator_driver_api_list_end = .

coredump_driver_api_area
                0x0000000008007d30        0x0
                0x0000000008007d30                _coredump_driver_api_list_start = .
 *(SORT_BY_NAME(SORT_BY_ALIGNMENT(._coredump_driver_api.static.*)))
                0x0000000008007d30                _coredump_driver_api_list_end = .

crc_driver_api_area
                0x0000000008007d30        0x0
                0x0000000008007d30                _crc_driver_api_list_start = .
 *(SORT_BY_NAME(SORT_BY_ALIGNMENT(._crc_driver_api.static.*)))
                0x0000000008007d30                _crc_driver_api_list_end = .

dac_driver_api_area
                0x0000000008007d30        0x0
                0x0000000008007d30                _dac_driver_api_list_start = .
 *(SORT_BY_NAME(SORT_BY_ALIGNMENT(._dac_driver_api.static.*)))
                0x0000000008007d30                _dac_driver_api_list_end = .

dai_driver_api_area
                0x0000000008007d30        0x0
                0x0000000008007d30                _dai_driver_api_list_start = .
 *(SORT_BY_NAME(SORT_BY_ALIGNMENT(._dai_driver_api.static.*)))
                0x0000000008007d30                _dai_driver_api_list_end = .

display_driver_api_area
                0x0000000008007d30       0x2c
                0x0000000008007d30                _display_driver_api_list_start = .
 *(SORT_BY_NAME(SORT_BY_ALIGNMENT(._display_driver_api.static.*)))
 ._display_driver_api.static.ssd1306_driver_api_
                0x0000000008007d30       0x2c zephyr/drivers/display/libdrivers__display.a(display_ssd1306.c.obj)
                0x0000000008007d5c                _display_driver_api_list_end = .

dma_driver_api_area
                0x0000000008007d5c        0x0
                0x0000000008007d5c                _dma_driver_api_list_start = .
 *(SORT_BY_NAME(SORT_BY_ALIGNMENT(._dma_driver_api.static.*)))
                0x0000000008007d5c                _dma_driver_api_list_end = .

edac_driver_api_area
                0x0000000008007d5c        0x0
                0x0000000008007d5c                _edac_driver_api_list_start = .
 *(SORT_BY_NAME(SORT_BY_ALIGNMENT(._edac_driver_api.static.*)))
                0x0000000008007d5c                _edac_driver_api_list_end = .

eeprom_driver_api_area
                0x0000000008007d5c        0x0
                0x0000000008007d5c                _eeprom_driver_api_list_start = .
 *(SORT_BY_NAME(SORT_BY_ALIGNMENT(._eeprom_driver_api.static.*)))
                0x0000000008007d5c                _eeprom_driver_api_list_end = .

emul_bbram_driver_api_area
                0x0000000008007d5c        0x0
                0x0000000008007d5c                _emul_bbram_driver_api_list_start = .
 *(SORT_BY_NAME(SORT_BY_ALIGNMENT(._emul_bbram_driver_api.static.*)))
                0x0000000008007d5c                _emul_bbram_driver_api_list_end = .

fuel_gauge_emul_driver_api_area
                0x0000000008007d5c        0x0
                0x0000000008007d5c                _fuel_gauge_emul_driver_api_list_start = .
 *(SORT_BY_NAME(SORT_BY_ALIGNMENT(._fuel_gauge_emul_driver_api.static.*)))
                0x0000000008007d5c                _fuel_gauge_emul_driver_api_list_end = .

emul_sensor_driver_api_area
                0x0000000008007d5c        0x0
                0x0000000008007d5c                _emul_sensor_driver_api_list_start = .
 *(SORT_BY_NAME(SORT_BY_ALIGNMENT(._emul_sensor_driver_api.static.*)))
                0x0000000008007d5c                _emul_sensor_driver_api_list_end = .

entropy_driver_api_area
                0x0000000008007d5c        0x0
                0x0000000008007d5c                _entropy_driver_api_list_start = .
 *(SORT_BY_NAME(SORT_BY_ALIGNMENT(._entropy_driver_api.static.*)))
                0x0000000008007d5c                _entropy_driver_api_list_end = .

espi_driver_api_area
                0x0000000008007d5c        0x0
                0x0000000008007d5c                _espi_driver_api_list_start = .
 *(SORT_BY_NAME(SORT_BY_ALIGNMENT(._espi_driver_api.static.*)))
                0x0000000008007d5c                _espi_driver_api_list_end = .

espi_saf_driver_api_area
                0x0000000008007d5c        0x0
                0x0000000008007d5c                _espi_saf_driver_api_list_start = .
 *(SORT_BY_NAME(SORT_BY_ALIGNMENT(._espi_saf_driver_api.static.*)))
                0x0000000008007d5c                _espi_saf_driver_api_list_end = .

flash_driver_api_area
                0x0000000008007d5c        0x0
                0x0000000008007d5c                _flash_driver_api_list_start = .
 *(SORT_BY_NAME(SORT_BY_ALIGNMENT(._flash_driver_api.static.*)))
                0x0000000008007d5c                _flash_driver_api_list_end = .

fpga_driver_api_area
                0x0000000008007d5c        0x0
                0x0000000008007d5c                _fpga_driver_api_list_start = .
 *(SORT_BY_NAME(SORT_BY_ALIGNMENT(._fpga_driver_api.static.*)))
                0x0000000008007d5c                _fpga_driver_api_list_end = .

fuel_gauge_driver_api_area
                0x0000000008007d5c        0x0
                0x0000000008007d5c                _fuel_gauge_driver_api_list_start = .
 *(SORT_BY_NAME(SORT_BY_ALIGNMENT(._fuel_gauge_driver_api.static.*)))
                0x0000000008007d5c                _fuel_gauge_driver_api_list_end = .

gnss_driver_api_area
                0x0000000008007d5c        0x0
                0x0000000008007d5c                _gnss_driver_api_list_start = .